Archive member included because of file (symbol)

C:\Users\suhinton\code\jewelbots-autodev\lib\support\compiled\core\core.a(JWB_startup_nrf51.S.o)
                              (Reset_Handler)
C:\Users\suhinton\code\jewelbots-autodev\lib\support\compiled\core\core.a(system_nrf51.c.o)
                              C:\Users\suhinton\code\jewelbots-autodev\lib\support\compiled\core\core.a(JWB_startup_nrf51.S.o) (SystemInit)
C:\Users\suhinton\code\jewelbots-autodev\lib\support\compiled\core\core.a(main.cpp.o)
                              c:/users/suhinton/appdata/local/arduino15/packages/arduino/tools/arm-none-eabi-gcc/4.8.3-2014q1/bin/../lib/gcc/arm-none-eabi/4.8.3/../../../../arm-none-eabi/lib/armv6-m/crt0.o (main)
C:\Users\suhinton\code\jewelbots-autodev\lib\support\compiled\core\core.a(advertising.c.o)
                              C:\Users\suhinton\code\jewelbots-autodev\lib\support\compiled\core\core.a(main.cpp.o) (advertising_init)
C:\Users\suhinton\code\jewelbots-autodev\lib\support\compiled\core\core.a(ble_central_event_handler.c.o)
                              C:\Users\suhinton\code\jewelbots-autodev\lib\support\compiled\core\core.a(main.cpp.o) (ble_stack_init)
C:\Users\suhinton\code\jewelbots-autodev\lib\support\compiled\core\core.a(button_handler.c.o)
                              C:\Users\suhinton\code\jewelbots-autodev\lib\support\compiled\core\core.a(main.cpp.o) (set_first_startup)
C:\Users\suhinton\code\jewelbots-autodev\lib\support\compiled\core\core.a(db_discovery.c.o)
                              C:\Users\suhinton\code\jewelbots-autodev\lib\support\compiled\core\core.a(main.cpp.o) (db_discovery_init)
C:\Users\suhinton\code\jewelbots-autodev\lib\support\compiled\core\core.a(dfu_handler.c.o)
                              C:\Users\suhinton\code\jewelbots-autodev\lib\support\compiled\core\core.a(ble_central_event_handler.c.o) (notify_dfu_ble_evt)
C:\Users\suhinton\code\jewelbots-autodev\lib\support\compiled\core\core.a(haptics_driver.c.o)
                              C:\Users\suhinton\code\jewelbots-autodev\lib\support\compiled\core\core.a(main.cpp.o) (haptics_init)
C:\Users\suhinton\code\jewelbots-autodev\lib\support\compiled\core\core.a(jwb_twi.c.o)
                              C:\Users\suhinton\code\jewelbots-autodev\lib\support\compiled\core\core.a(main.cpp.o) (twi_init)
C:\Users\suhinton\code\jewelbots-autodev\lib\support\compiled\core\core.a(led_driver.c.o)
                              C:\Users\suhinton\code\jewelbots-autodev\lib\support\compiled\core\core.a(button_handler.c.o) (disable_led)
C:\Users\suhinton\code\jewelbots-autodev\lib\support\compiled\core\core.a(led_sequence.c.o)
                              C:\Users\suhinton\code\jewelbots-autodev\lib\support\compiled\core\core.a(button_handler.c.o) (clear_led)
C:\Users\suhinton\code\jewelbots-autodev\lib\support\compiled\core\core.a(pmic_driver.c.o)
                              C:\Users\suhinton\code\jewelbots-autodev\lib\support\compiled\core\core.a(main.cpp.o) (pmic_init)
C:\Users\suhinton\code\jewelbots-autodev\lib\support\compiled\core\core.a(scan.c.o)
                              C:\Users\suhinton\code\jewelbots-autodev\lib\support\compiled\core\core.a(main.cpp.o) (scan_start)
C:\Users\suhinton\code\jewelbots-autodev\lib\support\compiled\core\core.a(ble_advertising.c.o)
                              C:\Users\suhinton\code\jewelbots-autodev\lib\support\compiled\core\core.a(advertising.c.o) (ble_advertising_init)
C:\Users\suhinton\code\jewelbots-autodev\lib\support\compiled\core\core.a(ble_db_discovery.c.o)
                              C:\Users\suhinton\code\jewelbots-autodev\lib\support\compiled\core\core.a(db_discovery.c.o) (ble_db_discovery_init)
C:\Users\suhinton\code\jewelbots-autodev\lib\support\compiled\core\core.a(ble_dfu.c.o)
                              C:\Users\suhinton\code\jewelbots-autodev\lib\support\compiled\core\core.a(dfu_handler.c.o) (ble_dfu_init)
C:\Users\suhinton\code\jewelbots-autodev\lib\support\compiled\core\core.a(ble_advdata.c.o)
                              C:\Users\suhinton\code\jewelbots-autodev\lib\support\compiled\core\core.a(ble_advertising.c.o) (ble_advdata_set)
C:\Users\suhinton\code\jewelbots-autodev\lib\support\compiled\core\core.a(ble_conn_params.c.o)
                              C:\Users\suhinton\code\jewelbots-autodev\lib\support\compiled\core\core.a(ble_central_event_handler.c.o) (ble_conn_params_init)
C:\Users\suhinton\code\jewelbots-autodev\lib\support\compiled\core\core.a(ble_conn_state.c.o)
                              C:\Users\suhinton\code\jewelbots-autodev\lib\support\compiled\core\core.a(ble_central_event_handler.c.o) (ble_conn_state_on_ble_evt)
C:\Users\suhinton\code\jewelbots-autodev\lib\support\compiled\core\core.a(pstorage.c.o)
                              C:\Users\suhinton\code\jewelbots-autodev\lib\support\compiled\core\core.a(ble_advertising.c.o) (pstorage_access_status_get)
[...]
Memory Configuration

Name             Origin             Length             Attributes
FLASH            0x0001b000         0x00020700         xr
RAM              0x20002a30         0x000055d0         xrw
*default*        0x00000000         0xffffffff

Linker script and memory map

LOAD c:/users/suhinton/appdata/local/arduino15/packages/arduino/tools/arm-none-eabi-gcc/4.8.3-2014q1/bin/../lib/gcc/arm-none-eabi/4.8.3/armv6-m/crti.o
LOAD c:/users/suhinton/appdata/local/arduino15/packages/arduino/tools/arm-none-eabi-gcc/4.8.3-2014q1/bin/../lib/gcc/arm-none-eabi/4.8.3/armv6-m/crtbegin.o
LOAD c:/users/suhinton/appdata/local/arduino15/packages/arduino/tools/arm-none-eabi-gcc/4.8.3-2014q1/bin/../lib/gcc/arm-none-eabi/4.8.3/../../../../arm-none-eabi/lib/armv6-m/crt0.o
START GROUP
LOAD C:\Users\suhinton\code\jewelbots-autodev\lib\support\compiled\sketch\empty.ino.cpp.o
LOAD C:\Users\suhinton\code\jewelbots-autodev\lib\support\compiled\core\core.a
END GROUP
LOAD c:/users/suhinton/appdata/local/arduino15/packages/arduino/tools/arm-none-eabi-gcc/4.8.3-2014q1/bin/../lib/gcc/arm-none-eabi/4.8.3/../../../../arm-none-eabi/lib/armv6-m\libstdc++_s.a
LOAD c:/users/suhinton/appdata/local/arduino15/packages/arduino/tools/arm-none-eabi-gcc/4.8.3-2014q1/bin/../lib/gcc/arm-none-eabi/4.8.3/../../../../arm-none-eabi/lib/armv6-m\libsupc++_s.a
LOAD c:/users/suhinton/appdata/local/arduino15/packages/arduino/tools/arm-none-eabi-gcc/4.8.3-2014q1/bin/../lib/gcc/arm-none-eabi/4.8.3/../../../../arm-none-eabi/lib/armv6-m\libm.a
LOAD c:/users/suhinton/appdata/local/arduino15/packages/arduino/tools/arm-none-eabi-gcc/4.8.3-2014q1/bin/../lib/gcc/arm-none-eabi/4.8.3/../../../../arm-none-eabi/lib/armv6-m\libc_s.a
LOAD c:/users/suhinton/appdata/local/arduino15/packages/arduino/tools/arm-none-eabi-gcc/4.8.3-2014q1/bin/../lib/gcc/arm-none-eabi/4.8.3/armv6-m\libgcc.a
LOAD c:/users/suhinton/appdata/local/arduino15/packages/arduino/tools/arm-none-eabi-gcc/4.8.3-2014q1/bin/../lib/gcc/arm-none-eabi/4.8.3/../../../../arm-none-eabi/lib/armv6-m\libnosys.a
START GROUP
LOAD c:/users/suhinton/appdata/local/arduino15/packages/arduino/tools/arm-none-eabi-gcc/4.8.3-2014q1/bin/../lib/gcc/arm-none-eabi/4.8.3/armv6-m\libgcc.a
LOAD c:/users/suhinton/appdata/local/arduino15/packages/arduino/tools/arm-none-eabi-gcc/4.8.3-2014q1/bin/../lib/gcc/arm-none-eabi/4.8.3/../../../../arm-none-eabi/lib/armv6-m\libc_s.a
END GROUP
START GROUP
LOAD c:/users/suhinton/appdata/local/arduino15/packages/arduino/tools/arm-none-eabi-gcc/4.8.3-2014q1/bin/../lib/gcc/arm-none-eabi/4.8.3/armv6-m\libgcc.a
LOAD c:/users/suhinton/appdata/local/arduino15/packages/arduino/tools/arm-none-eabi-gcc/4.8.3-2014q1/bin/../lib/gcc/arm-none-eabi/4.8.3/../../../../arm-none-eabi/lib/armv6-m\libc_s.a
END GROUP
LOAD c:/users/suhinton/appdata/local/arduino15/packages/arduino/tools/arm-none-eabi-gcc/4.8.3-2014q1/bin/../lib/gcc/arm-none-eabi/4.8.3/armv6-m/crtend.o
LOAD c:/users/suhinton/appdata/local/arduino15/packages/arduino/tools/arm-none-eabi-gcc/4.8.3-2014q1/bin/../lib/gcc/arm-none-eabi/4.8.3/armv6-m/crtn.o
START GROUP
LOAD c:/users/suhinton/appdata/local/arduino15/packages/arduino/tools/arm-none-eabi-gcc/4.8.3-2014q1/bin/../lib/gcc/arm-none-eabi/4.8.3/armv6-m\libgcc.a
LOAD c:/users/suhinton/appdata/local/arduino15/packages/arduino/tools/arm-none-eabi-gcc/4.8.3-2014q1/bin/../lib/gcc/arm-none-eabi/4.8.3/../../../../arm-none-eabi/lib/armv6-m\libc.a
LOAD c:/users/suhinton/appdata/local/arduino15/packages/arduino/tools/arm-none-eabi-gcc/4.8.3-2014q1/bin/../lib/gcc/arm-none-eabi/4.8.3/../../../../arm-none-eabi/lib/armv6-m\libnosys.a
END GROUP

.text           0x0001b000     0x4cd8
 *(.Vectors)
 .Vectors       0x0001b000       0xc0 C:\Users\suhinton\code\jewelbots-autodev\lib\support\compiled\core\core.a(JWB_startup_nrf51.S.o)
                0x0001b000                __Vectors
 *(.text*)
 .text          0x0001b0c0       0x60 c:/users/suhinton/appdata/local/arduino15/packages/arduino/tools/arm-none-eabi-gcc/4.8.3-2014q1/bin/../lib/gcc/arm-none-eabi/4.8.3/armv6-m/crtbegin.o
 .text          0x0001b120       0x78 c:/users/suhinton/appdata/local/arduino15/packages/arduino/tools/arm-none-eabi-gcc/4.8.3-2014q1/bin/../lib/gcc/arm-none-eabi/4.8.3/../../../../arm-none-eabi/lib/armv6-m/crt0.o
                0x0001b120                _start
                0x0001b120                _mainCRTStartup
 .text.setup    0x0001b198        0x2 C:\Users\suhinton\code\jewelbots-autodev\lib\support\compiled\sketch\empty.ino.cpp.o
                0x0001b198                setup
 .text.loop     0x0001b19a        0x2 C:\Users\suhinton\code\jewelbots-autodev\lib\support\compiled\sketch\empty.ino.cpp.o
                0x0001b19a                loop
 .text.startup._GLOBAL__sub_I_setup
                0x0001b19c       0x3c C:\Users\suhinton\code\jewelbots-autodev\lib\support\compiled\sketch\empty.ino.cpp.o
 .text          0x0001b1d8       0x48 C:\Users\suhinton\code\jewelbots-autodev\lib\support\compiled\core\core.a(JWB_startup_nrf51.S.o)
                0x0001b1d8                Reset_Handler
                0x0001b214                NMI_Handler
                0x0001b216                HardFault_Handler
                0x0001b218                SVC_Handler
                0x0001b21a                PendSV_Handler
                0x0001b21c                SysTick_Handler
                0x0001b21e                POWER_CLOCK_IRQHandler
                0x0001b21e                RADIO_IRQHandler
                0x0001b21e                RTC0_IRQHandler
                0x0001b21e                SWI4_IRQHandler
                0x0001b21e                TEMP_IRQHandler
                0x0001b21e                QDEC_IRQHandler
                0x0001b21e                UART0_IRQHandler
                0x0001b21e                SWI5_IRQHandler
                0x0001b21e                TIMER0_IRQHandler
                0x0001b21e                LPCOMP_IRQHandler
                0x0001b21e                TIMER1_IRQHandler
                0x0001b21e                ECB_IRQHandler
                0x0001b21e                Default_Handler
                0x0001b21e                ADC_IRQHandler
                0x0001b21e                SWI3_IRQHandler
                0x0001b21e                CCM_AAR_IRQHandler
                0x0001b21e                WDT_IRQHandler
                0x0001b21e                TIMER2_IRQHandler
                0x0001b21e                RNG_IRQHandler
                0x0001b21e                SWI1_IRQHandler
 .text.SystemInit
                0x0001b220       0xdc C:\Users\suhinton\code\jewelbots-autodev\lib\support\compiled\core\core.a(system_nrf51.c.o)
                0x0001b220                SystemInit
 .text.sd_app_evt_wait
                0x0001b2fc        0x4 C:\Users\suhinton\code\jewelbots-autodev\lib\support\compiled\core\core.a(main.cpp.o)
 .text.startup.main
                0x0001b300       0xe4 C:\Users\suhinton\code\jewelbots-autodev\lib\support\compiled\core\core.a(main.cpp.o)
                0x0001b300                main
 .text.startup._GLOBAL__sub_I__Z17uart_error_handleP14app_uart_evt_t
                0x0001b3e4       0x3c C:\Users\suhinton\code\jewelbots-autodev\lib\support\compiled\core\core.a(main.cpp.o)
 .text.advertising_init
                0x0001b420       0x6c C:\Users\suhinton\code\jewelbots-autodev\lib\support\compiled\core\core.a(advertising.c.o)
                0x0001b420                advertising_init
 .text.advertising_start
                0x0001b48c        0x8 C:\Users\suhinton\code\jewelbots-autodev\lib\support\compiled\core\core.a(advertising.c.o)
                0x0001b48c                advertising_start
 .text.on_adv_evt
                0x0001b494       0x1a C:\Users\suhinton\code\jewelbots-autodev\lib\support\compiled\core\core.a(advertising.c.o)
 .text.advertising_stop
                0x0001b4ae       0x12 C:\Users\suhinton\code\jewelbots-autodev\lib\support\compiled\core\core.a(advertising.c.o)
                0x0001b4ae                advertising_stop
 .text.sd_ble_gap_conn_param_update
                0x0001b4c0        0x4 C:\Users\suhinton\code\jewelbots-autodev\lib\support\compiled\core\core.a(ble_central_event_handler.c.o)
 .text.sd_ble_gap_disconnect
                0x0001b4c4        0x4 C:\Users\suhinton\code\jewelbots-autodev\lib\support\compiled\core\core.a(ble_central_event_handler.c.o)
 .text.sd_ble_gap_ppcp_set
                0x0001b4c8        0x4 C:\Users\suhinton\code\jewelbots-autodev\lib\support\compiled\core\core.a(ble_central_event_handler.c.o)
 .text.sd_ble_gap_device_name_set
                0x0001b4cc        0x4 C:\Users\suhinton\code\jewelbots-autodev\lib\support\compiled\core\core.a(ble_central_event_handler.c.o)
 .text.conn_params_error_handler
                0x0001b4d0        0x8 C:\Users\suhinton\code\jewelbots-autodev\lib\support\compiled\core\core.a(ble_central_event_handler.c.o)
 .text.sys_evt_dispatch
                0x0001b4d8        0x8 C:\Users\suhinton\code\jewelbots-autodev\lib\support\compiled\core\core.a(ble_central_event_handler.c.o)
 .text.disconnect
                0x0001b4e0       0x24 C:\Users\suhinton\code\jewelbots-autodev\lib\support\compiled\core\core.a(ble_central_event_handler.c.o)
                0x0001b4e0                disconnect
 .text.on_ble_central_evt
                0x0001b504       0x54 C:\Users\suhinton\code\jewelbots-autodev\lib\support\compiled\core\core.a(ble_central_event_handler.c.o)
                0x0001b504                on_ble_central_evt
 .text.ble_evt_dispatch
                0x0001b558       0x6c C:\Users\suhinton\code\jewelbots-autodev\lib\support\compiled\core\core.a(ble_central_event_handler.c.o)
 .text.ble_stack_init
                0x0001b5c4       0x90 C:\Users\suhinton\code\jewelbots-autodev\lib\support\compiled\core\core.a(ble_central_event_handler.c.o)
                0x0001b5c4                ble_stack_init
 .text.conn_params_init
                0x0001b654       0x44 C:\Users\suhinton\code\jewelbots-autodev\lib\support\compiled\core\core.a(ble_central_event_handler.c.o)
                0x0001b654                conn_params_init
 .text.gap_params_init
                0x0001b698       0x40 C:\Users\suhinton\code\jewelbots-autodev\lib\support\compiled\core\core.a(ble_central_event_handler.c.o)
                0x0001b698                gap_params_init
 .text.sd_power_reset_reason_get
                0x0001b6d8        0x4 C:\Users\suhinton\code\jewelbots-autodev\lib\support\compiled\core\core.a(button_handler.c.o)
 .text.sd_power_reset_reason_clr
                0x0001b6dc        0x4 C:\Users\suhinton\code\jewelbots-autodev\lib\support\compiled\core\core.a(button_handler.c.o)
 .text.sd_power_system_off
                0x0001b6e0        0x4 C:\Users\suhinton\code\jewelbots-autodev\lib\support\compiled\core\core.a(button_handler.c.o)
 .text.sd_power_gpregret_set
                0x0001b6e4        0x4 C:\Users\suhinton\code\jewelbots-autodev\lib\support\compiled\core\core.a(button_handler.c.o)
 .text.timer_handler
                0x0001b6e8        0x2 C:\Users\suhinton\code\jewelbots-autodev\lib\support\compiled\core\core.a(button_handler.c.o)
 .text.button_press
                0x0001b6ea        0x2 C:\Users\suhinton\code\jewelbots-autodev\lib\support\compiled\core\core.a(button_handler.c.o)
                0x0001b6ea                button_press
 .text.button_press_long
                0x0001b6ec        0x2 C:\Users\suhinton\code\jewelbots-autodev\lib\support\compiled\core\core.a(button_handler.c.o)
                0x0001b6ec                button_press_long
 .text.charging_button_press
                0x0001b6ee        0x2 C:\Users\suhinton\code\jewelbots-autodev\lib\support\compiled\core\core.a(button_handler.c.o)
                0x0001b6ee                charging_button_press
 .text.button_handler
                0x0001b6f0       0xd0 C:\Users\suhinton\code\jewelbots-autodev\lib\support\compiled\core\core.a(button_handler.c.o)
 .text.set_first_startup
                0x0001b7c0        0xc C:\Users\suhinton\code\jewelbots-autodev\lib\support\compiled\core\core.a(button_handler.c.o)
                0x0001b7c0                set_first_startup
 .text.check_reset_reason
                0x0001b7cc       0x38 C:\Users\suhinton\code\jewelbots-autodev\lib\support\compiled\core\core.a(button_handler.c.o)
                0x0001b7cc                check_reset_reason
 .text.buttons_init
                0x0001b804       0x4c C:\Users\suhinton\code\jewelbots-autodev\lib\support\compiled\core\core.a(button_handler.c.o)
                0x0001b804                buttons_init
 .text.display_charging
                0x0001b850       0x3c C:\Users\suhinton\code\jewelbots-autodev\lib\support\compiled\core\core.a(button_handler.c.o)
                0x0001b850                display_charging
 .text.db_disc_handler
                0x0001b88c        0x2 C:\Users\suhinton\code\jewelbots-autodev\lib\support\compiled\core\core.a(db_discovery.c.o)
 *fill*         0x0001b88e        0x2 
 .text.db_discovery_init
                0x0001b890       0x18 C:\Users\suhinton\code\jewelbots-autodev\lib\support\compiled\core\core.a(db_discovery.c.o)
                0x0001b890                db_discovery_init
 .text.reset_prepare
                0x0001b8a8       0x24 C:\Users\suhinton\code\jewelbots-autodev\lib\support\compiled\core\core.a(dfu_handler.c.o)
 .text.notify_dfu_ble_evt
                0x0001b8cc       0x10 C:\Users\suhinton\code\jewelbots-autodev\lib\support\compiled\core\core.a(dfu_handler.c.o)
                0x0001b8cc                notify_dfu_ble_evt
 .text.bootloader_start
                0x0001b8dc       0x28 C:\Users\suhinton\code\jewelbots-autodev\lib\support\compiled\core\core.a(dfu_handler.c.o)
                0x0001b8dc                bootloader_start
 .text.haptics_timeout_handler
                0x0001b904       0x34 C:\Users\suhinton\code\jewelbots-autodev\lib\support\compiled\core\core.a(haptics_driver.c.o)
 .text.haptics_init
                0x0001b938       0x34 C:\Users\suhinton\code\jewelbots-autodev\lib\support\compiled\core\core.a(haptics_driver.c.o)
                0x0001b938                haptics_init
 .text.haptics_standby
                0x0001b96c        0x8 C:\Users\suhinton\code\jewelbots-autodev\lib\support\compiled\core\core.a(haptics_driver.c.o)
                0x0001b96c                haptics_standby
 .text.haptics_disable
                0x0001b974        0x8 C:\Users\suhinton\code\jewelbots-autodev\lib\support\compiled\core\core.a(haptics_driver.c.o)
                0x0001b974                haptics_disable
 .text.twi_init
                0x0001b97c       0x38 C:\Users\suhinton\code\jewelbots-autodev\lib\support\compiled\core\core.a(jwb_twi.c.o)
                0x0001b97c                twi_init
 .text.spi_send_recv.constprop.0
                0x0001b9b4       0x24 C:\Users\suhinton\code\jewelbots-autodev\lib\support\compiled\core\core.a(led_driver.c.o)
 .text.spi_led_init
                0x0001b9d8       0x68 C:\Users\suhinton\code\jewelbots-autodev\lib\support\compiled\core\core.a(led_driver.c.o)
                0x0001b9d8                spi_led_init
 .text.set_led_state_handler
                0x0001ba40       0x88 C:\Users\suhinton\code\jewelbots-autodev\lib\support\compiled\core\core.a(led_driver.c.o)
                0x0001ba40                set_led_state_handler
 .text.enable_led
                0x0001bac8       0x18 C:\Users\suhinton\code\jewelbots-autodev\lib\support\compiled\core\core.a(led_driver.c.o)
                0x0001bac8                enable_led
 .text.disable_led
                0x0001bae0       0x28 C:\Users\suhinton\code\jewelbots-autodev\lib\support\compiled\core\core.a(led_driver.c.o)
                0x0001bae0                disable_led
 .text.services_init
                0x0001bb08       0x48 C:\Users\suhinton\code\jewelbots-autodev\lib\support\compiled\core\core.a(led_driver.c.o)
                0x0001bb08                services_init
 .text.clear_led
                0x0001bb50       0x50 C:\Users\suhinton\code\jewelbots-autodev\lib\support\compiled\core\core.a(led_sequence.c.o)
                0x0001bb50                clear_led
 .text.signal_power_down
                0x0001bba0      0x240 C:\Users\suhinton\code\jewelbots-autodev\lib\support\compiled\core\core.a(led_sequence.c.o)
                0x0001bba0                signal_power_down
 .text.boot_up_led_sequence
                0x0001bde0      0x194 C:\Users\suhinton\code\jewelbots-autodev\lib\support\compiled\core\core.a(led_sequence.c.o)
                0x0001bde0                boot_up_led_sequence
 .text.led_indicate_charging_state
                0x0001bf74       0x5c C:\Users\suhinton\code\jewelbots-autodev\lib\support\compiled\core\core.a(led_sequence.c.o)
                0x0001bf74                led_indicate_charging_state
 .text.breathe_all
                0x0001bfd0      0x214 C:\Users\suhinton\code\jewelbots-autodev\lib\support\compiled\core\core.a(led_sequence.c.o)
                0x0001bfd0                breathe_all
 .text.pmic_driver_write_reg
                0x0001c1e4       0x24 C:\Users\suhinton\code\jewelbots-autodev\lib\support\compiled\core\core.a(pmic_driver.c.o)
 .text.pmic_driver_read_reg
                0x0001c208       0x3c C:\Users\suhinton\code\jewelbots-autodev\lib\support\compiled\core\core.a(pmic_driver.c.o)
 .text.pmic_clear_interrupts
                0x0001c244       0x1a C:\Users\suhinton\code\jewelbots-autodev\lib\support\compiled\core\core.a(pmic_driver.c.o)
                0x0001c244                pmic_clear_interrupts
 .text.pmic_init
                0x0001c25e       0x5c C:\Users\suhinton\code\jewelbots-autodev\lib\support\compiled\core\core.a(pmic_driver.c.o)
                0x0001c25e                pmic_init
 .text.pmic_is_charging
                0x0001c2ba       0x1a C:\Users\suhinton\code\jewelbots-autodev\lib\support\compiled\core\core.a(pmic_driver.c.o)
                0x0001c2ba                pmic_is_charging
 .text.pmic_5V_present
                0x0001c2d4       0x1a C:\Users\suhinton\code\jewelbots-autodev\lib\support\compiled\core\core.a(pmic_driver.c.o)
                0x0001c2d4                pmic_5V_present
 .text.sd_ble_gap_scan_start
                0x0001c2ee        0x4 C:\Users\suhinton\code\jewelbots-autodev\lib\support\compiled\core\core.a(scan.c.o)
 .text.sd_ble_gap_scan_stop
                0x0001c2f2        0x4 C:\Users\suhinton\code\jewelbots-autodev\lib\support\compiled\core\core.a(scan.c.o)
 *fill*         0x0001c2f6        0x2 
 .text.scan_start
                0x0001c2f8       0x24 C:\Users\suhinton\code\jewelbots-autodev\lib\support\compiled\core\core.a(scan.c.o)
                0x0001c2f8                scan_start
 .text.scan_stop
                0x0001c31c       0x14 C:\Users\suhinton\code\jewelbots-autodev\lib\support\compiled\core\core.a(scan.c.o)
                0x0001c31c                scan_stop
 .text.sd_ble_gap_adv_start
                0x0001c330        0x4 C:\Users\suhinton\code\jewelbots-autodev\lib\support\compiled\core\core.a(ble_advertising.c.o)
 .text.ble_advertising_init
                0x0001c334      0x14c C:\Users\suhinton\code\jewelbots-autodev\lib\support\compiled\core\core.a(ble_advertising.c.o)
                0x0001c334                ble_advertising_init
 .text.ble_advertising_start
                0x0001c480      0x224 C:\Users\suhinton\code\jewelbots-autodev\lib\support\compiled\core\core.a(ble_advertising.c.o)
                0x0001c480                ble_advertising_start
 .text.ble_advertising_on_ble_evt
                0x0001c6a4       0x98 C:\Users\suhinton\code\jewelbots-autodev\lib\support\compiled\core\core.a(ble_advertising.c.o)
                0x0001c6a4                ble_advertising_on_ble_evt
 .text.ble_advertising_on_sys_evt
                0x0001c73c       0x38 C:\Users\suhinton\code\jewelbots-autodev\lib\support\compiled\core\core.a(ble_advertising.c.o)
                0x0001c73c                ble_advertising_on_sys_evt
 .text.sd_ble_gattc_primary_services_discover
                0x0001c774        0x4 C:\Users\suhinton\code\jewelbots-autodev\lib\support\compiled\core\core.a(ble_db_discovery.c.o)
 .text.sd_ble_gattc_characteristics_discover
                0x0001c778        0x4 C:\Users\suhinton\code\jewelbots-autodev\lib\support\compiled\core\core.a(ble_db_discovery.c.o)
 .text.sd_ble_gattc_descriptors_discover
                0x0001c77c        0x4 C:\Users\suhinton\code\jewelbots-autodev\lib\support\compiled\core\core.a(ble_db_discovery.c.o)
 .text.registered_handler_get
                0x0001c780       0x3c C:\Users\suhinton\code\jewelbots-autodev\lib\support\compiled\core\core.a(ble_db_discovery.c.o)
 .text.discovery_error_evt_trigger
                0x0001c7bc       0x2c C:\Users\suhinton\code\jewelbots-autodev\lib\support\compiled\core\core.a(ble_db_discovery.c.o)
 .text.discovery_complete_evt_trigger
                0x0001c7e8       0x90 C:\Users\suhinton\code\jewelbots-autodev\lib\support\compiled\core\core.a(ble_db_discovery.c.o)
 .text.characteristics_discover
                0x0001c878       0x3e C:\Users\suhinton\code\jewelbots-autodev\lib\support\compiled\core\core.a(ble_db_discovery.c.o)
 *fill*         0x0001c8b6        0x2 
 .text.on_srv_disc_completion
                0x0001c8b8       0x80 C:\Users\suhinton\code\jewelbots-autodev\lib\support\compiled\core\core.a(ble_db_discovery.c.o)
 .text.descriptors_discover
                0x0001c938       0xb6 C:\Users\suhinton\code\jewelbots-autodev\lib\support\compiled\core\core.a(ble_db_discovery.c.o)
 *fill*         0x0001c9ee        0x2 
 .text.ble_db_discovery_init
                0x0001c9f0       0x30 C:\Users\suhinton\code\jewelbots-autodev\lib\support\compiled\core\core.a(ble_db_discovery.c.o)
                0x0001c9f0                ble_db_discovery_init
 .text.ble_db_discovery_on_ble_evt
                0x0001ca20      0x228 C:\Users\suhinton\code\jewelbots-autodev\lib\support\compiled\core\core.a(ble_db_discovery.c.o)
                0x0001ca20                ble_db_discovery_on_ble_evt
 .text.sd_ble_gatts_value_get
                0x0001cc48        0x4 C:\Users\suhinton\code\jewelbots-autodev\lib\support\compiled\core\core.a(ble_dfu.c.o)
 .text.sd_ble_gatts_hvx
                0x0001cc4c        0x4 C:\Users\suhinton\code\jewelbots-autodev\lib\support\compiled\core\core.a(ble_dfu.c.o)
 .text.sd_ble_gatts_rw_authorize_reply
                0x0001cc50        0x4 C:\Users\suhinton\code\jewelbots-autodev\lib\support\compiled\core\core.a(ble_dfu.c.o)
 .text.ble_dfu_response_send
                0x0001cc54       0x64 C:\Users\suhinton\code\jewelbots-autodev\lib\support\compiled\core\core.a(ble_dfu.c.o)
                0x0001cc54                ble_dfu_response_send
 .text.ble_dfu_on_ble_evt
                0x0001ccb8      0x182 C:\Users\suhinton\code\jewelbots-autodev\lib\support\compiled\core\core.a(ble_dfu.c.o)
                0x0001ccb8                ble_dfu_on_ble_evt
 .text.sd_ble_gap_address_get
                0x0001ce3a        0x4 C:\Users\suhinton\code\jewelbots-autodev\lib\support\compiled\core\core.a(ble_advdata.c.o)
 .text.sd_ble_gap_adv_data_set
                0x0001ce3e        0x4 C:\Users\suhinton\code\jewelbots-autodev\lib\support\compiled\core\core.a(ble_advdata.c.o)
 .text.sd_ble_gap_appearance_get
                0x0001ce42        0x4 C:\Users\suhinton\code\jewelbots-autodev\lib\support\compiled\core\core.a(ble_advdata.c.o)
 .text.sd_ble_gap_device_name_get
                0x0001ce46        0x4 C:\Users\suhinton\code\jewelbots-autodev\lib\support\compiled\core\core.a(ble_advdata.c.o)
 .text.sd_ble_uuid_encode
                0x0001ce4a        0x4 C:\Users\suhinton\code\jewelbots-autodev\lib\support\compiled\core\core.a(ble_advdata.c.o)
 .text.uuid_list_sized_encode
                0x0001ce4e       0xbc C:\Users\suhinton\code\jewelbots-autodev\lib\support\compiled\core\core.a(ble_advdata.c.o)
 .text.uuid_list_encode
                0x0001cf0a       0x32 C:\Users\suhinton\code\jewelbots-autodev\lib\support\compiled\core\core.a(ble_advdata.c.o)
 .text.adv_data_encode
                0x0001cf3c      0x46c C:\Users\suhinton\code\jewelbots-autodev\lib\support\compiled\core\core.a(ble_advdata.c.o)
                0x0001cf3c                adv_data_encode
 .text.ble_advdata_set
                0x0001d3a8       0x64 C:\Users\suhinton\code\jewelbots-autodev\lib\support\compiled\core\core.a(ble_advdata.c.o)
                0x0001d3a8                ble_advdata_set
 .text.sd_ble_gap_conn_param_update
                0x0001d40c        0x4 C:\Users\suhinton\code\jewelbots-autodev\lib\support\compiled\core\core.a(ble_conn_params.c.o)
 .text.sd_ble_gap_disconnect
                0x0001d410        0x4 C:\Users\suhinton\code\jewelbots-autodev\lib\support\compiled\core\core.a(ble_conn_params.c.o)
 .text.sd_ble_gap_ppcp_set
                0x0001d414        0x4 C:\Users\suhinton\code\jewelbots-autodev\lib\support\compiled\core\core.a(ble_conn_params.c.o)
 .text.sd_ble_gap_ppcp_get
                0x0001d418        0x4 C:\Users\suhinton\code\jewelbots-autodev\lib\support\compiled\core\core.a(ble_conn_params.c.o)
 .text.update_timeout_handler
                0x0001d41c       0x74 C:\Users\suhinton\code\jewelbots-autodev\lib\support\compiled\core\core.a(ble_conn_params.c.o)
 .text.conn_params_negotiation
                0x0001d490       0x78 C:\Users\suhinton\code\jewelbots-autodev\lib\support\compiled\core\core.a(ble_conn_params.c.o)
 .text.ble_conn_params_init
                0x0001d508       0x70 C:\Users\suhinton\code\jewelbots-autodev\lib\support\compiled\core\core.a(ble_conn_params.c.o)
                0x0001d508                ble_conn_params_init
 .text.ble_conn_params_stop
                0x0001d578       0x10 C:\Users\suhinton\code\jewelbots-autodev\lib\support\compiled\core\core.a(ble_conn_params.c.o)
                0x0001d578                ble_conn_params_stop
 .text.ble_conn_params_on_ble_evt
                0x0001d588       0xac C:\Users\suhinton\code\jewelbots-autodev\lib\support\compiled\core\core.a(ble_conn_params.c.o)
                0x0001d588                ble_conn_params_on_ble_evt
 .text.ble_conn_state_on_ble_evt
                0x0001d634       0xec C:\Users\suhinton\code\jewelbots-autodev\lib\support\compiled\core\core.a(ble_conn_state.c.o)
                0x0001d634                ble_conn_state_on_ble_evt
 .text.ble_conn_state_role
                0x0001d720       0x34 C:\Users\suhinton\code\jewelbots-autodev\lib\support\compiled\core\core.a(ble_conn_state.c.o)
                0x0001d720                ble_conn_state_role
 .text.ble_conn_state_n_centrals
                0x0001d754       0x14 C:\Users\suhinton\code\jewelbots-autodev\lib\support\compiled\core\core.a(ble_conn_state.c.o)
                0x0001d754                ble_conn_state_n_centrals
 .text.pstorage_block_identifier_get
                0x0001d768       0x50 C:\Users\suhinton\code\jewelbots-autodev\lib\support\compiled\core\core.a(pstorage.c.o)
                0x0001d768                pstorage_block_identifier_get
 .text.pstorage_load
                0x0001d7b8       0x94 C:\Users\suhinton\code\jewelbots-autodev\lib\support\compiled\core\core.a(pstorage.c.o)
                0x0001d7b8                pstorage_load
 .text.pstorage_access_status_get
                0x0001d84c       0x28 C:\Users\suhinton\code\jewelbots-autodev\lib\support\compiled\core\core.a(pstorage.c.o)
                0x0001d84c                pstorage_access_status_get
 .text.transfer_byte
                0x0001d874       0x58 C:\Users\suhinton\code\jewelbots-autodev\lib\support\compiled\core\core.a(nrf_drv_spi.c.o)
 .text.nrf_drv_spi_init
                0x0001d8cc      0x14c C:\Users\suhinton\code\jewelbots-autodev\lib\support\compiled\core\core.a(nrf_drv_spi.c.o)
                0x0001d8cc                nrf_drv_spi_init
 .text.nrf_drv_spi_xfer
                0x0001da18       0xf0 C:\Users\suhinton\code\jewelbots-autodev\lib\support\compiled\core\core.a(nrf_drv_spi.c.o)
                0x0001da18                nrf_drv_spi_xfer
 .text.nrf_drv_spi_transfer
                0x0001db08       0x1c C:\Users\suhinton\code\jewelbots-autodev\lib\support\compiled\core\core.a(nrf_drv_spi.c.o)
                0x0001db08                nrf_drv_spi_transfer
 .text.SPI0_TWI0_IRQHandler
                0x0001db24       0x48 C:\Users\suhinton\code\jewelbots-autodev\lib\support\compiled\core\core.a(nrf_drv_spi.c.o)
                0x0001db24                SPI0_TWI0_IRQHandler
 .text.twi_transfer
                0x0001db6c       0xcc C:\Users\suhinton\code\jewelbots-autodev\lib\support\compiled\core\core.a(nrf_drv_twi.c.o)
 .text.twi_rx_start_transfer
                0x0001dc38       0x7c C:\Users\suhinton\code\jewelbots-autodev\lib\support\compiled\core\core.a(nrf_drv_twi.c.o)
 .text.twi_tx_start_transfer
                0x0001dcb4       0xa0 C:\Users\suhinton\code\jewelbots-autodev\lib\support\compiled\core\core.a(nrf_drv_twi.c.o)
 .text.nrf_drv_twi_init
                0x0001dd54      0x1c8 C:\Users\suhinton\code\jewelbots-autodev\lib\support\compiled\core\core.a(nrf_drv_twi.c.o)
                0x0001dd54                nrf_drv_twi_init
 .text.nrf_drv_twi_enable
                0x0001df1c       0x20 C:\Users\suhinton\code\jewelbots-autodev\lib\support\compiled\core\core.a(nrf_drv_twi.c.o)
                0x0001df1c                nrf_drv_twi_enable
 .text.nrf_drv_twi_xfer
                0x0001df3c       0xc4 C:\Users\suhinton\code\jewelbots-autodev\lib\support\compiled\core\core.a(nrf_drv_twi.c.o)
                0x0001df3c                nrf_drv_twi_xfer
 .text.nrf_drv_twi_tx
                0x0001e000       0x38 C:\Users\suhinton\code\jewelbots-autodev\lib\support\compiled\core\core.a(nrf_drv_twi.c.o)
                0x0001e000                nrf_drv_twi_tx
 .text.nrf_drv_twi_rx
                0x0001e038       0x32 C:\Users\suhinton\code\jewelbots-autodev\lib\support\compiled\core\core.a(nrf_drv_twi.c.o)
                0x0001e038                nrf_drv_twi_rx
 *fill*         0x0001e06a        0x2 
 .text.SPI1_TWI1_IRQHandler
                0x0001e06c       0xc4 C:\Users\suhinton\code\jewelbots-autodev\lib\support\compiled\core\core.a(nrf_drv_twi.c.o)
                0x0001e06c                SPI1_TWI1_IRQHandler
 .text.sd_ble_gatts_sys_attr_get
                0x0001e130        0x4 C:\Users\suhinton\code\jewelbots-autodev\lib\support\compiled\core\core.a(dfu_app_handler.c.o)
 .text.sd_power_gpregret_set
                0x0001e134        0x4 C:\Users\suhinton\code\jewelbots-autodev\lib\support\compiled\core\core.a(dfu_app_handler.c.o)
 .text.sd_power_gpregret_get
                0x0001e138        0x4 C:\Users\suhinton\code\jewelbots-autodev\lib\support\compiled\core\core.a(dfu_app_handler.c.o)
 .text.sd_softdevice_disable
                0x0001e13c        0x4 C:\Users\suhinton\code\jewelbots-autodev\lib\support\compiled\core\core.a(dfu_app_handler.c.o)
 .text.sd_softdevice_vector_table_base_set
                0x0001e140        0x4 C:\Users\suhinton\code\jewelbots-autodev\lib\support\compiled\core\core.a(dfu_app_handler.c.o)
 .text.dfu_ble_svc_peer_data_set
                0x0001e144        0x4 C:\Users\suhinton\code\jewelbots-autodev\lib\support\compiled\core\core.a(dfu_app_handler.c.o)
 .text.dfu_app_reset_prepare
                0x0001e148        0x2 C:\Users\suhinton\code\jewelbots-autodev\lib\support\compiled\core\core.a(dfu_app_handler.c.o)
 *fill*         0x0001e14a        0x2 
 .text.dfu_app_on_dfu_evt
                0x0001e14c      0x158 C:\Users\suhinton\code\jewelbots-autodev\lib\support\compiled\core\core.a(dfu_app_handler.c.o)
                0x0001e14c                dfu_app_on_dfu_evt
 .text.detection_delay_timeout_handler
                0x0001e2a4       0x70 C:\Users\suhinton\code\jewelbots-autodev\lib\support\compiled\core\core.a(app_button.c.o)
 .text.gpiote_event_handler
                0x0001e314       0x60 C:\Users\suhinton\code\jewelbots-autodev\lib\support\compiled\core\core.a(app_button.c.o)
 .text.app_button_init
                0x0001e374       0x90 C:\Users\suhinton\code\jewelbots-autodev\lib\support\compiled\core\core.a(app_button.c.o)
                0x0001e374                app_button_init
 .text.app_button_enable
                0x0001e404       0x2c C:\Users\suhinton\code\jewelbots-autodev\lib\support\compiled\core\core.a(app_button.c.o)
                0x0001e404                app_button_enable
 .text.fs_queued_op_count_get
                0x0001e430       0x18 C:\Users\suhinton\code\jewelbots-autodev\lib\support\compiled\core\core.a(fstorage.c.o)
                0x0001e430                fs_queued_op_count_get
 .text.app_sched_init
                0x0001e448       0x4c C:\Users\suhinton\code\jewelbots-autodev\lib\support\compiled\core\core.a(app_scheduler.c.o)
                0x0001e448                app_sched_init
 .text.app_sched_event_put
                0x0001e494       0xbc C:\Users\suhinton\code\jewelbots-autodev\lib\support\compiled\core\core.a(app_scheduler.c.o)
                0x0001e494                app_sched_event_put
 .text.app_sched_execute
                0x0001e550       0x5c C:\Users\suhinton\code\jewelbots-autodev\lib\support\compiled\core\core.a(app_scheduler.c.o)
                0x0001e550                app_sched_execute
 .text.user_op_alloc
                0x0001e5ac       0x2c C:\Users\suhinton\code\jewelbots-autodev\lib\support\compiled\core\core.a(app_timer.c.o)
 .text.user_id_get
                0x0001e5d8       0x68 C:\Users\suhinton\code\jewelbots-autodev\lib\support\compiled\core\core.a(app_timer.c.o)
 .text.rtc1_stop
                0x0001e640       0x78 C:\Users\suhinton\code\jewelbots-autodev\lib\support\compiled\core\core.a(app_timer.c.o)
 .text.RTC1_IRQHandler
                0x0001e6b8       0xbc C:\Users\suhinton\code\jewelbots-autodev\lib\support\compiled\core\core.a(app_timer.c.o)
                0x0001e6b8                RTC1_IRQHandler
 .text.SWI0_IRQHandler
                0x0001e774      0x368 C:\Users\suhinton\code\jewelbots-autodev\lib\support\compiled\core\core.a(app_timer.c.o)
                0x0001e774                SWI0_IRQHandler
 .text.app_timer_init
                0x0001eadc       0xc8 C:\Users\suhinton\code\jewelbots-autodev\lib\support\compiled\core\core.a(app_timer.c.o)
                0x0001eadc                app_timer_init
 .text.app_timer_create
                0x0001eba4       0x30 C:\Users\suhinton\code\jewelbots-autodev\lib\support\compiled\core\core.a(app_timer.c.o)
                0x0001eba4                app_timer_create
 .text.app_timer_start
                0x0001ebd4       0x88 C:\Users\suhinton\code\jewelbots-autodev\lib\support\compiled\core\core.a(app_timer.c.o)
                0x0001ebd4                app_timer_start
 .text.app_timer_stop
                0x0001ec5c       0x58 C:\Users\suhinton\code\jewelbots-autodev\lib\support\compiled\core\core.a(app_timer.c.o)
                0x0001ec5c                app_timer_stop
 .text.app_timer_cnt_get
                0x0001ecb4       0x14 C:\Users\suhinton\code\jewelbots-autodev\lib\support\compiled\core\core.a(app_timer.c.o)
                0x0001ecb4                app_timer_cnt_get
 .text.app_timer_cnt_diff_compute
                0x0001ecc8        0xc C:\Users\suhinton\code\jewelbots-autodev\lib\support\compiled\core\core.a(app_timer.c.o)
                0x0001ecc8                app_timer_cnt_diff_compute
 .text.app_timer_evt_get
                0x0001ecd4       0x16 C:\Users\suhinton\code\jewelbots-autodev\lib\support\compiled\core\core.a(app_timer_appsh.c.o)
 *fill*         0x0001ecea        0x2 
 .text.app_timer_evt_schedule
                0x0001ecec       0x18 C:\Users\suhinton\code\jewelbots-autodev\lib\support\compiled\core\core.a(app_timer_appsh.c.o)
                0x0001ecec                app_timer_evt_schedule
 .text.app_error_handler_bare
                0x0001ed04       0x1c C:\Users\suhinton\code\jewelbots-autodev\lib\support\compiled\core\core.a(app_error.c.o)
                0x0001ed04                app_error_handler_bare
 .text.app_util_critical_region_enter
                0x0001ed20       0x3c C:\Users\suhinton\code\jewelbots-autodev\lib\support\compiled\core\core.a(app_util_platform.c.o)
                0x0001ed20                app_util_critical_region_enter
 .text.app_util_critical_region_exit
                0x0001ed5c       0x2c C:\Users\suhinton\code\jewelbots-autodev\lib\support\compiled\core\core.a(app_util_platform.c.o)
                0x0001ed5c                app_util_critical_region_exit
 .text.log_raw_uart_init
                0x0001ed88       0x6c C:\Users\suhinton\code\jewelbots-autodev\lib\support\compiled\core\core.a(nrf_log.c.o)
                0x0001ed88                log_raw_uart_init
 .text.sdk_mapped_flags_first_key_index_get
                0x0001edf4       0x20 C:\Users\suhinton\code\jewelbots-autodev\lib\support\compiled\core\core.a(sdk_mapped_flags.c.o)
                0x0001edf4                sdk_mapped_flags_first_key_index_get
 .text.sdk_mapped_flags_bulk_update_by_key
                0x0001ee14       0x46 C:\Users\suhinton\code\jewelbots-autodev\lib\support\compiled\core\core.a(sdk_mapped_flags.c.o)
                0x0001ee14                sdk_mapped_flags_bulk_update_by_key
 .text.sdk_mapped_flags_update_by_key
                0x0001ee5a       0x10 C:\Users\suhinton\code\jewelbots-autodev\lib\support\compiled\core\core.a(sdk_mapped_flags.c.o)
                0x0001ee5a                sdk_mapped_flags_update_by_key
 .text.sdk_mapped_flags_get_by_key
                0x0001ee6a       0x24 C:\Users\suhinton\code\jewelbots-autodev\lib\support\compiled\core\core.a(sdk_mapped_flags.c.o)
                0x0001ee6a                sdk_mapped_flags_get_by_key
 .text.sdk_mapped_flags_key_list_get
                0x0001ee8e       0x2c C:\Users\suhinton\code\jewelbots-autodev\lib\support\compiled\core\core.a(sdk_mapped_flags.c.o)
                0x0001ee8e                sdk_mapped_flags_key_list_get
 .text.sdk_mapped_flags_n_flags_set
                0x0001eeba       0x1a C:\Users\suhinton\code\jewelbots-autodev\lib\support\compiled\core\core.a(sdk_mapped_flags.c.o)
                0x0001eeba                sdk_mapped_flags_n_flags_set
 .text.sd_evt_get
                0x0001eed4        0x4 C:\Users\suhinton\code\jewelbots-autodev\lib\support\compiled\core\core.a(softdevice_handler.c.o)
 .text.sd_softdevice_enable
                0x0001eed8        0x4 C:\Users\suhinton\code\jewelbots-autodev\lib\support\compiled\core\core.a(softdevice_handler.c.o)
 .text.sd_ble_enable
                0x0001eedc        0x4 C:\Users\suhinton\code\jewelbots-autodev\lib\support\compiled\core\core.a(softdevice_handler.c.o)
 .text.sd_ble_evt_get
                0x0001eee0        0x4 C:\Users\suhinton\code\jewelbots-autodev\lib\support\compiled\core\core.a(softdevice_handler.c.o)
 .text.softdevice_fault_handler
                0x0001eee4        0x8 C:\Users\suhinton\code\jewelbots-autodev\lib\support\compiled\core\core.a(softdevice_handler.c.o)
                0x0001eee4                softdevice_fault_handler
 .text.intern_softdevice_events_execute
                0x0001eeec       0xa0 C:\Users\suhinton\code\jewelbots-autodev\lib\support\compiled\core\core.a(softdevice_handler.c.o)
                0x0001eeec                intern_softdevice_events_execute
 .text.softdevice_handler_init
                0x0001ef8c       0x78 C:\Users\suhinton\code\jewelbots-autodev\lib\support\compiled\core\core.a(softdevice_handler.c.o)
                0x0001ef8c                softdevice_handler_init
 .text.softdevice_ble_evt_handler_set
                0x0001f004       0x14 C:\Users\suhinton\code\jewelbots-autodev\lib\support\compiled\core\core.a(softdevice_handler.c.o)
                0x0001f004                softdevice_ble_evt_handler_set
 .text.softdevice_sys_evt_handler_set
                0x0001f018       0x14 C:\Users\suhinton\code\jewelbots-autodev\lib\support\compiled\core\core.a(softdevice_handler.c.o)
                0x0001f018                softdevice_sys_evt_handler_set
 .text.SWI2_IRQHandler
                0x0001f02c       0x20 C:\Users\suhinton\code\jewelbots-autodev\lib\support\compiled\core\core.a(softdevice_handler.c.o)
                0x0001f02c                SWI2_IRQHandler
 .text.softdevice_enable_get_default_config
                0x0001f04c       0x28 C:\Users\suhinton\code\jewelbots-autodev\lib\support\compiled\core\core.a(softdevice_handler.c.o)
                0x0001f04c                softdevice_enable_get_default_config
 .text.sd_check_ram_start
                0x0001f074       0x14 C:\Users\suhinton\code\jewelbots-autodev\lib\support\compiled\core\core.a(softdevice_handler.c.o)
                0x0001f074                sd_check_ram_start
 .text.softdevice_enable
                0x0001f088       0x18 C:\Users\suhinton\code\jewelbots-autodev\lib\support\compiled\core\core.a(softdevice_handler.c.o)
                0x0001f088                softdevice_enable
 .text.softdevice_evt_get
                0x0001f0a0       0x12 C:\Users\suhinton\code\jewelbots-autodev\lib\support\compiled\core\core.a(softdevice_handler_appsh.c.o)
                0x0001f0a0                softdevice_evt_get
 *fill*         0x0001f0b2        0x2 
 .text.softdevice_evt_schedule
                0x0001f0b4       0x14 C:\Users\suhinton\code\jewelbots-autodev\lib\support\compiled\core\core.a(softdevice_handler_appsh.c.o)
                0x0001f0b4                softdevice_evt_schedule
 .text.runtime_timeout_handler
                0x0001f0c8        0x2 C:\Users\suhinton\code\jewelbots-autodev\lib\support\compiled\core\core.a(Timer.cpp.o)
 *fill*         0x0001f0ca        0x2 
 .text.pause_timeout_handler
                0x0001f0cc       0x20 C:\Users\suhinton\code\jewelbots-autodev\lib\support\compiled\core\core.a(Timer.cpp.o)
 .text.arduino_timer_init
                0x0001f0ec       0x5c C:\Users\suhinton\code\jewelbots-autodev\lib\support\compiled\core\core.a(Timer.cpp.o)
                0x0001f0ec                arduino_timer_init
 .text.startup._GLOBAL__sub_I__ZN5TimerC2Ev
                0x0001f148       0x3c C:\Users\suhinton\code\jewelbots-autodev\lib\support\compiled\core\core.a(Timer.cpp.o)
 .text.I2C_WriteSingleByte
                0x0001f184       0x2c C:\Users\suhinton\code\jewelbots-autodev\lib\support\compiled\core\core.a(Haptics.c.o)
 .text.I2C_WriteMultiByte
                0x0001f1b0       0x28 C:\Users\suhinton\code\jewelbots-autodev\lib\support\compiled\core\core.a(Haptics.c.o)
 .text.I2C_ReadSingleByte
                0x0001f1d8       0x40 C:\Users\suhinton\code\jewelbots-autodev\lib\support\compiled\core\core.a(Haptics.c.o)
 .text.Haptics_SetControlRegisters
                0x0001f218       0x20 C:\Users\suhinton\code\jewelbots-autodev\lib\support\compiled\core\core.a(Haptics.c.o)
                0x0001f218                Haptics_SetControlRegisters
 .text.Haptics_Stop_RTP
                0x0001f238        0xc C:\Users\suhinton\code\jewelbots-autodev\lib\support\compiled\core\core.a(Haptics.c.o)
                0x0001f238                Haptics_Stop_RTP
 .text.Haptics_SendActuatorSettings
                0x0001f244       0x4c C:\Users\suhinton\code\jewelbots-autodev\lib\support\compiled\core\core.a(Haptics.c.o)
                0x0001f244                Haptics_SendActuatorSettings
 .text.Haptics_SetActuator
                0x0001f290        0xc C:\Users\suhinton\code\jewelbots-autodev\lib\support\compiled\core\core.a(Haptics.c.o)
                0x0001f290                Haptics_SetActuator
 .text.Haptics_DisableAmplifier
                0x0001f29c       0x14 C:\Users\suhinton\code\jewelbots-autodev\lib\support\compiled\core\core.a(Haptics.c.o)
                0x0001f29c                Haptics_DisableAmplifier
 .text.Haptics_Active
                0x0001f2b0        0xc C:\Users\suhinton\code\jewelbots-autodev\lib\support\compiled\core\core.a(Haptics.c.o)
                0x0001f2b0                Haptics_Active
 .text.Haptics_Standby
                0x0001f2bc        0xc C:\Users\suhinton\code\jewelbots-autodev\lib\support\compiled\core\core.a(Haptics.c.o)
                0x0001f2bc                Haptics_Standby
 .text.Haptics_Init
                0x0001f2c8       0xb4 C:\Users\suhinton\code\jewelbots-autodev\lib\support\compiled\core\core.a(Haptics.c.o)
                0x0001f2c8                Haptics_Init
 .text.Haptics_RunAutoCal_LRA
                0x0001f37c       0xfc C:\Users\suhinton\code\jewelbots-autodev\lib\support\compiled\core\core.a(Haptics.c.o)
                0x0001f37c                Haptics_RunAutoCal_LRA
 .text.Haptics_Diagnostics
                0x0001f478       0x74 C:\Users\suhinton\code\jewelbots-autodev\lib\support\compiled\core\core.a(Haptics.c.o)
                0x0001f478                Haptics_Diagnostics
 .text.dm_application_context_set
                0x0001f4ec        0x8 C:\Users\suhinton\code\jewelbots-autodev\lib\support\compiled\core\core.a(device_manager_peripheral.c.o)
                0x0001f4ec                dm_application_context_set
 .text.dm_peer_addr_get
                0x0001f4f4       0x84 C:\Users\suhinton\code\jewelbots-autodev\lib\support\compiled\core\core.a(device_manager_peripheral.c.o)
                0x0001f4f4                dm_peer_addr_get
 .text.dm_distributed_keys_get
                0x0001f578       0xb4 C:\Users\suhinton\code\jewelbots-autodev\lib\support\compiled\core\core.a(device_manager_peripheral.c.o)
                0x0001f578                dm_distributed_keys_get
 .text.dm_handle_get
                0x0001f62c       0x48 C:\Users\suhinton\code\jewelbots-autodev\lib\support\compiled\core\core.a(device_manager_peripheral.c.o)
                0x0001f62c                dm_handle_get
 .text.nrf_drv_clock_on_soc_event
                0x0001f674       0x20 C:\Users\suhinton\code\jewelbots-autodev\lib\support\compiled\core\core.a(nrf_drv_clock.c.o)
                0x0001f674                nrf_drv_clock_on_soc_event
 .text.nrf_drv_common_irq_enable
                0x0001f694       0x78 C:\Users\suhinton\code\jewelbots-autodev\lib\support\compiled\core\core.a(nrf_drv_common.c.o)
                0x0001f694                nrf_drv_common_irq_enable
 .text.nrf_gpio_cfg_sense_set
                0x0001f70c       0x24 C:\Users\suhinton\code\jewelbots-autodev\lib\support\compiled\core\core.a(nrf_drv_gpiote.c.o)
 .text.channel_free
                0x0001f730       0x1c C:\Users\suhinton\code\jewelbots-autodev\lib\support\compiled\core\core.a(nrf_drv_gpiote.c.o)
 .text.nrf_drv_gpiote_init
                0x0001f74c       0x54 C:\Users\suhinton\code\jewelbots-autodev\lib\support\compiled\core\core.a(nrf_drv_gpiote.c.o)
                0x0001f74c                nrf_drv_gpiote_init
 .text.nrf_drv_gpiote_is_init
                0x0001f7a0       0x14 C:\Users\suhinton\code\jewelbots-autodev\lib\support\compiled\core\core.a(nrf_drv_gpiote.c.o)
                0x0001f7a0                nrf_drv_gpiote_is_init
 .text.nrf_drv_gpiote_in_init
                0x0001f7b4       0xcc C:\Users\suhinton\code\jewelbots-autodev\lib\support\compiled\core\core.a(nrf_drv_gpiote.c.o)
                0x0001f7b4                nrf_drv_gpiote_in_init
 .text.nrf_drv_gpiote_in_event_enable
                0x0001f880       0x88 C:\Users\suhinton\code\jewelbots-autodev\lib\support\compiled\core\core.a(nrf_drv_gpiote.c.o)
                0x0001f880                nrf_drv_gpiote_in_event_enable
 .text.nrf_drv_gpiote_in_is_set
                0x0001f908       0x14 C:\Users\suhinton\code\jewelbots-autodev\lib\support\compiled\core\core.a(nrf_drv_gpiote.c.o)
                0x0001f908                nrf_drv_gpiote_in_is_set
 .text.GPIOTE_IRQHandler
                0x0001f91c      0x140 C:\Users\suhinton\code\jewelbots-autodev\lib\support\compiled\core\core.a(nrf_drv_gpiote.c.o)
                0x0001f91c                GPIOTE_IRQHandler
 .text.bootloader_util_app_start
                0x0001fa5c       0x3c C:\Users\suhinton\code\jewelbots-autodev\lib\support\compiled\core\core.a(bootloader_util.c.o)
                0x0001fa5c                bootloader_util_app_start
 .text.exit     0x0001fa98       0x2c c:/users/suhinton/appdata/local/arduino15/packages/arduino/tools/arm-none-eabi-gcc/4.8.3-2014q1/bin/../lib/gcc/arm-none-eabi/4.8.3/../../../../arm-none-eabi/lib/armv6-m\libc_s.a(lib_a-exit.o)
                0x0001fa98                exit
 .text.__libc_init_array
                0x0001fac4       0x4c c:/users/suhinton/appdata/local/arduino15/packages/arduino/tools/arm-none-eabi-gcc/4.8.3-2014q1/bin/../lib/gcc/arm-none-eabi/4.8.3/../../../../arm-none-eabi/lib/armv6-m\libc_s.a(lib_a-init.o)
                0x0001fac4                __libc_init_array
 .text.memcpy   0x0001fb10       0x12 c:/users/suhinton/appdata/local/arduino15/packages/arduino/tools/arm-none-eabi-gcc/4.8.3-2014q1/bin/../lib/gcc/arm-none-eabi/4.8.3/../../../../arm-none-eabi/lib/armv6-m\libc_s.a(lib_a-memcpy-stub.o)
                0x0001fb10                memcpy
 .text.memset   0x0001fb22       0x10 c:/users/suhinton/appdata/local/arduino15/packages/arduino/tools/arm-none-eabi-gcc/4.8.3-2014q1/bin/../lib/gcc/arm-none-eabi/4.8.3/../../../../arm-none-eabi/lib/armv6-m\libc_s.a(lib_a-memset.o)
                0x0001fb22                memset
 *fill*         0x0001fb32        0x2 
 .text          0x0001fb34       0x14 c:/users/suhinton/appdata/local/arduino15/packages/arduino/tools/arm-none-eabi-gcc/4.8.3-2014q1/bin/../lib/gcc/arm-none-eabi/4.8.3/armv6-m\libgcc.a(_thumb1_case_uqi.o)
                0x0001fb34                __gnu_thumb1_case_uqi
 .text._exit    0x0001fb48        0x4 c:/users/suhinton/appdata/local/arduino15/packages/arduino/tools/arm-none-eabi-gcc/4.8.3-2014q1/bin/../lib/gcc/arm-none-eabi/4.8.3/../../../../arm-none-eabi/lib/armv6-m\libnosys.a(_exit.o)
                0x0001fb48                _exit
 *(.init)
 .init          0x0001fb4c        0x4 c:/users/suhinton/appdata/local/arduino15/packages/arduino/tools/arm-none-eabi-gcc/4.8.3-2014q1/bin/../lib/gcc/arm-none-eabi/4.8.3/armv6-m/crti.o
                0x0001fb4c                _init
 .init          0x0001fb50        0x8 c:/users/suhinton/appdata/local/arduino15/packages/arduino/tools/arm-none-eabi-gcc/4.8.3-2014q1/bin/../lib/gcc/arm-none-eabi/4.8.3/armv6-m/crtn.o
 *(.fini)
 .fini          0x0001fb58        0x4 c:/users/suhinton/appdata/local/arduino15/packages/arduino/tools/arm-none-eabi-gcc/4.8.3-2014q1/bin/../lib/gcc/arm-none-eabi/4.8.3/armv6-m/crti.o
                0x0001fb58                _fini
 .fini          0x0001fb5c        0x8 c:/users/suhinton/appdata/local/arduino15/packages/arduino/tools/arm-none-eabi-gcc/4.8.3-2014q1/bin/../lib/gcc/arm-none-eabi/4.8.3/armv6-m/crtn.o
 *crtbegin.o(.ctors)
 *crtbegin?.o(.ctors)
 *(EXCLUDE_FILE(*crtend.o *crtend?.o) .ctors)
 *(SORT(.ctors.*))
 *(.ctors)
 *crtbegin.o(.dtors)
 *crtbegin?.o(.dtors)
 *(EXCLUDE_FILE(*crtend.o *crtend?.o) .dtors)
 *(SORT(.dtors.*))
 *(.dtors)
 *(.rodata*)
 .rodata        0x0001fb64        0x4 C:\Users\suhinton\code\jewelbots-autodev\lib\support\compiled\core\core.a(ble_central_event_handler.c.o)
 .rodata.str1.1
                0x0001fb68        0xb C:\Users\suhinton\code\jewelbots-autodev\lib\support\compiled\core\core.a(ble_central_event_handler.c.o)
 *fill*         0x0001fb73        0x1 
 .rodata.m_button_tick_timer
                0x0001fb74        0x4 C:\Users\suhinton\code\jewelbots-autodev\lib\support\compiled\core\core.a(button_handler.c.o)
 .rodata.haptics_timer_id
                0x0001fb78        0x4 C:\Users\suhinton\code\jewelbots-autodev\lib\support\compiled\core\core.a(haptics_driver.c.o)
 .rodata        0x0001fb7c       0x10 C:\Users\suhinton\code\jewelbots-autodev\lib\support\compiled\core\core.a(jwb_twi.c.o)
 .rodata.m_spi_master_0
                0x0001fb8c        0x8 C:\Users\suhinton\code\jewelbots-autodev\lib\support\compiled\core\core.a(led_driver.c.o)
 .rodata        0x0001fb94       0x58 C:\Users\suhinton\code\jewelbots-autodev\lib\support\compiled\core\core.a(led_sequence.c.o)
 .rodata.m_scan_param
                0x0001fbec       0x10 C:\Users\suhinton\code\jewelbots-autodev\lib\support\compiled\core\core.a(scan.c.o)
 .rodata.m_conn_params_timer_id
                0x0001fbfc        0x4 C:\Users\suhinton\code\jewelbots-autodev\lib\support\compiled\core\core.a(ble_conn_params.c.o)
 .rodata.m_default_config
                0x0001fc00       0x10 C:\Users\suhinton\code\jewelbots-autodev\lib\support\compiled\core\core.a(nrf_drv_spi.c.o)
 .rodata.m_default_config
                0x0001fc10       0x10 C:\Users\suhinton\code\jewelbots-autodev\lib\support\compiled\core\core.a(nrf_drv_twi.c.o)
 .rodata.m_detection_delay_timer_id
                0x0001fc20        0x4 C:\Users\suhinton\code\jewelbots-autodev\lib\support\compiled\core\core.a(app_button.c.o)
 .rodata._ZL14pause_timer_id
                0x0001fc24        0x4 C:\Users\suhinton\code\jewelbots-autodev\lib\support\compiled\core\core.a(Timer.cpp.o)
 .rodata._ZL16runtime_timer_id
                0x0001fc28        0x4 C:\Users\suhinton\code\jewelbots-autodev\lib\support\compiled\core\core.a(Timer.cpp.o)
 .rodata.DRV2604_DATA
                0x0001fc2c       0x5b C:\Users\suhinton\code\jewelbots-autodev\lib\support\compiled\core\core.a(WaveformData.c.o)
                0x0001fc2c                DRV2604_DATA
 .rodata.DRV2604_HEADER
                0x0001fc87       0x4a C:\Users\suhinton\code\jewelbots-autodev\lib\support\compiled\core\core.a(WaveformData.c.o)
                0x0001fc87                DRV2604_HEADER
 .rodata.str1.1
                0x0001fcd1        0x2 c:/users/suhinton/appdata/local/arduino15/packages/arduino/tools/arm-none-eabi-gcc/4.8.3-2014q1/bin/../lib/gcc/arm-none-eabi/4.8.3/../../../../arm-none-eabi/lib/armv6-m\libc_s.a(lib_a-impure.o)
 *fill*         0x0001fcd3        0x1 
 .rodata._global_impure_ptr
                0x0001fcd4        0x4 c:/users/suhinton/appdata/local/arduino15/packages/arduino/tools/arm-none-eabi-gcc/4.8.3-2014q1/bin/../lib/gcc/arm-none-eabi/4.8.3/../../../../arm-none-eabi/lib/armv6-m\libc_s.a(lib_a-impure.o)
                0x0001fcd4                _global_impure_ptr
 *(.eh_frame*)
 .eh_frame      0x0001fcd8        0x0 c:/users/suhinton/appdata/local/arduino15/packages/arduino/tools/arm-none-eabi-gcc/4.8.3-2014q1/bin/../lib/gcc/arm-none-eabi/4.8.3/armv6-m/crtbegin.o
                0x0001fcd8                . = ALIGN (0x4)

.glue_7         0x0001fcd8        0x0
 .glue_7        0x00000000        0x0 linker stubs

.glue_7t        0x0001fcd8        0x0
 .glue_7t       0x00000000        0x0 linker stubs

.vfp11_veneer   0x0001fcd8        0x0
 .vfp11_veneer  0x00000000        0x0 linker stubs

.v4_bx          0x0001fcd8        0x0
 .v4_bx         0x00000000        0x0 linker stubs

.iplt           0x0001fcd8        0x0
 .iplt          0x00000000        0x0 c:/users/suhinton/appdata/local/arduino15/packages/arduino/tools/arm-none-eabi-gcc/4.8.3-2014q1/bin/../lib/gcc/arm-none-eabi/4.8.3/armv6-m/crtbegin.o

.ARM.extab      0x0001fcd8        0x0
 *(.ARM.extab* .gnu.linkonce.armextab.*)
                0x0001fcd8                . = ALIGN (0x4)
                0x0001fcd8                __exidx_start = .

.ARM.exidx      0x0001fcd8        0x8
 *(.ARM.exidx* .gnu.linkonce.armexidx.*)
 .ARM.exidx     0x0001fcd8        0x8 c:/users/suhinton/appdata/local/arduino15/packages/arduino/tools/arm-none-eabi-gcc/4.8.3-2014q1/bin/../lib/gcc/arm-none-eabi/4.8.3/../../../../arm-none-eabi/lib/armv6-m/crt0.o
 .ARM.exidx     0x0001fce0        0x0 C:\Users\suhinton\code\jewelbots-autodev\lib\support\compiled\core\core.a(JWB_startup_nrf51.S.o)
                                  0x8 (size before relaxing)
                0x0001fce0                . = ALIGN (0x4)
                0x0001fce0                __exidx_end = .
                0x0001fce0                __etext = .

.rel.dyn        0x0001fce0        0x0
 .rel.iplt      0x00000000        0x0 c:/users/suhinton/appdata/local/arduino15/packages/arduino/tools/arm-none-eabi-gcc/4.8.3-2014q1/bin/../lib/gcc/arm-none-eabi/4.8.3/armv6-m/crtbegin.o

.data           0x20002a30       0x9c load address 0x0001fce0
                0x20002a30                __data_start__ = .
 *(vtable)
 *(.data*)
 .data.m_adv_uuids
                0x20002a30        0x8 C:\Users\suhinton\code\jewelbots-autodev\lib\support\compiled\core\core.a(advertising.c.o)
 .data.m_conn_handle
                0x20002a38        0x2 C:\Users\suhinton\code\jewelbots-autodev\lib\support\compiled\core\core.a(ble_central_event_handler.c.o)
 *fill*         0x20002a3a        0x2 
 .data.buttons.8096
                0x20002a3c        0x8 C:\Users\suhinton\code\jewelbots-autodev\lib\support\compiled\core\core.a(button_handler.c.o)
 .data.app_twi_instance
                0x20002a44        0x8 C:\Users\suhinton\code\jewelbots-autodev\lib\support\compiled\core\core.a(jwb_twi.c.o)
                0x20002a44                app_twi_instance
 .data.current_slave_link_conn_handle.7057
                0x20002a4c        0x2 C:\Users\suhinton\code\jewelbots-autodev\lib\support\compiled\core\core.a(ble_advertising.c.o)
 *fill*         0x20002a4e        0x2 
 .data.m_reset_prepare
                0x20002a50        0x4 C:\Users\suhinton\code\jewelbots-autodev\lib\support\compiled\core\core.a(dfu_app_handler.c.o)
 .data.actuatorType
                0x20002a54        0x1 C:\Users\suhinton\code\jewelbots-autodev\lib\support\compiled\core\core.a(Haptics.c.o)
 *fill*         0x20002a55        0x3 
 .data.impure_data
                0x20002a58       0x60 c:/users/suhinton/appdata/local/arduino15/packages/arduino/tools/arm-none-eabi-gcc/4.8.3-2014q1/bin/../lib/gcc/arm-none-eabi/4.8.3/../../../../arm-none-eabi/lib/armv6-m\libc_s.a(lib_a-impure.o)
                0x20002ab8                . = ALIGN (0x4)
                0x20002ab8                PROVIDE (__preinit_array_start, .)
 *(.preinit_array)
                0x20002ab8                PROVIDE (__preinit_array_end, .)
                0x20002ab8                . = ALIGN (0x4)
                0x20002ab8                PROVIDE (__init_array_start, .)
 *(SORT(.init_array.*))
 *(.init_array)
 .init_array    0x20002ab8        0x4 c:/users/suhinton/appdata/local/arduino15/packages/arduino/tools/arm-none-eabi-gcc/4.8.3-2014q1/bin/../lib/gcc/arm-none-eabi/4.8.3/armv6-m/crtbegin.o
 .init_array    0x20002abc        0x4 C:\Users\suhinton\code\jewelbots-autodev\lib\support\compiled\sketch\empty.ino.cpp.o
 .init_array    0x20002ac0        0x4 C:\Users\suhinton\code\jewelbots-autodev\lib\support\compiled\core\core.a(main.cpp.o)
 .init_array    0x20002ac4        0x4 C:\Users\suhinton\code\jewelbots-autodev\lib\support\compiled\core\core.a(Timer.cpp.o)
                0x20002ac8                PROVIDE (__init_array_end, .)
                0x20002ac8                . = ALIGN (0x4)
                0x20002ac8                PROVIDE (__fini_array_start, .)
 *(SORT(.fini_array.*))
 *(.fini_array)
 .fini_array    0x20002ac8        0x4 c:/users/suhinton/appdata/local/arduino15/packages/arduino/tools/arm-none-eabi-gcc/4.8.3-2014q1/bin/../lib/gcc/arm-none-eabi/4.8.3/armv6-m/crtbegin.o
                0x20002acc                PROVIDE (__fini_array_end, .)
 *(.jcr)
 .jcr           0x20002acc        0x0 c:/users/suhinton/appdata/local/arduino15/packages/arduino/tools/arm-none-eabi-gcc/4.8.3-2014q1/bin/../lib/gcc/arm-none-eabi/4.8.3/armv6-m/crtbegin.o
                0x20002acc                . = ALIGN (0x4)
                0x20002acc                __data_end__ = .
                0x0001fd7c                __debug_start = (__etext + SIZEOF (.data))

.igot.plt       0x20002acc        0x0 load address 0x0001fd7c
 .igot.plt      0x00000000        0x0 c:/users/suhinton/appdata/local/arduino15/packages/arduino/tools/arm-none-eabi-gcc/4.8.3-2014q1/bin/../lib/gcc/arm-none-eabi/4.8.3/armv6-m/crtbegin.o

.fs_data        0x20002acc        0x0
                0x20002acc                . = ALIGN (0x4)
                0x20002acc                __start_fs_data = .
 *(.fs_data)
                0x20002acc                __stop_fs_data = .
                0x20002acc                . = ALIGN (0x4)
                0x20002acc                __data_end__ = .
                0x0001fd7c                __debug_stop = (__debug_start + SIZEOF (.fs_data))

.bss            0x20002acc     0x1494 load address 0x0001fd7c
                0x20002acc                . = ALIGN (0x4)
                0x20002acc                __bss_start__ = .
 *(.bss*)
 .bss           0x20002acc       0x1c c:/users/suhinton/appdata/local/arduino15/packages/arduino/tools/arm-none-eabi-gcc/4.8.3-2014q1/bin/../lib/gcc/arm-none-eabi/4.8.3/armv6-m/crtbegin.o
 .bss._ZL6COLORS
                0x20002ae8       0x18 C:\Users\suhinton\code\jewelbots-autodev\lib\support\compiled\sketch\empty.ino.cpp.o
 .bss._ZL6COLORS
                0x20002b00       0x18 C:\Users\suhinton\code\jewelbots-autodev\lib\support\compiled\core\core.a(main.cpp.o)
 .bss._ZZL11timers_initvE13APP_TIMER_BUF
                0x20002b18      0x408 C:\Users\suhinton\code\jewelbots-autodev\lib\support\compiled\core\core.a(main.cpp.o)
 .bss._ZZL14scheduler_initvE13APP_SCHED_BUF
                0x20002f20      0x550 C:\Users\suhinton\code\jewelbots-autodev\lib\support\compiled\core\core.a(main.cpp.o)
 .bss.m_ble_db_discovery_hrs
                0x20003470      0x1ac C:\Users\suhinton\code\jewelbots-autodev\lib\support\compiled\core\core.a(ble_central_event_handler.c.o)
 .bss.BLE_EVT_BUFFER.8536
                0x2000361c       0x48 C:\Users\suhinton\code\jewelbots-autodev\lib\support\compiled\core\core.a(ble_central_event_handler.c.o)
 .bss.total_ticks
                0x20003664        0x4 C:\Users\suhinton\code\jewelbots-autodev\lib\support\compiled\core\core.a(button_handler.c.o)
 .bss.button_tick_release
                0x20003668        0x4 C:\Users\suhinton\code\jewelbots-autodev\lib\support\compiled\core\core.a(button_handler.c.o)
 .bss.button_tick
                0x2000366c        0x4 C:\Users\suhinton\code\jewelbots-autodev\lib\support\compiled\core\core.a(button_handler.c.o)
 .bss.first_startup
                0x20003670        0x1 C:\Users\suhinton\code\jewelbots-autodev\lib\support\compiled\core\core.a(button_handler.c.o)
                0x20003670                first_startup
 *fill*         0x20003671        0x3 
 .bss.m_button_tick_timer_data
                0x20003674       0x20 C:\Users\suhinton\code\jewelbots-autodev\lib\support\compiled\core\core.a(button_handler.c.o)
 .bss.charge_status
                0x20003694        0x1 C:\Users\suhinton\code\jewelbots-autodev\lib\support\compiled\core\core.a(button_handler.c.o)
                0x20003694                charge_status
 *fill*         0x20003695        0x3 
 .bss.m_dfus    0x20003698       0x30 C:\Users\suhinton\code\jewelbots-autodev\lib\support\compiled\core\core.a(dfu_handler.c.o)
 .bss.haptics_timer_id_data
                0x200036c8       0x20 C:\Users\suhinton\code\jewelbots-autodev\lib\support\compiled\core\core.a(haptics_driver.c.o)
 .bss.RTP_mode  0x200036e8        0x1 C:\Users\suhinton\code\jewelbots-autodev\lib\support\compiled\core\core.a(haptics_driver.c.o)
 .bss.m_rx_data
                0x200036e9       0x64 C:\Users\suhinton\code\jewelbots-autodev\lib\support\compiled\core\core.a(led_driver.c.o)
 .bss.m_tx_data
                0x2000374d       0x64 C:\Users\suhinton\code\jewelbots-autodev\lib\support\compiled\core\core.a(led_driver.c.o)
 *fill*         0x200037b1        0x3 
 .bss.led_driver
                0x200037b4        0x4 C:\Users\suhinton\code\jewelbots-autodev\lib\support\compiled\core\core.a(led_driver.c.o)
 .bss.m_advdata
                0x200037b8       0x38 C:\Users\suhinton\code\jewelbots-autodev\lib\support\compiled\core\core.a(ble_advertising.c.o)
 .bss.m_manuf_specific_data
                0x200037f0        0xc C:\Users\suhinton\code\jewelbots-autodev\lib\support\compiled\core\core.a(ble_advertising.c.o)
 .bss.m_evt_handler
                0x200037fc        0x4 C:\Users\suhinton\code\jewelbots-autodev\lib\support\compiled\core\core.a(ble_advertising.c.o)
 .bss.m_manuf_data_array
                0x20003800       0x1f C:\Users\suhinton\code\jewelbots-autodev\lib\support\compiled\core\core.a(ble_advertising.c.o)
 .bss.m_whitelist_temporarily_disabled
                0x2000381f        0x1 C:\Users\suhinton\code\jewelbots-autodev\lib\support\compiled\core\core.a(ble_advertising.c.o)
 .bss.m_error_handler
                0x20003820        0x4 C:\Users\suhinton\code\jewelbots-autodev\lib\support\compiled\core\core.a(ble_advertising.c.o)
 .bss.m_peer_address
                0x20003824        0x7 C:\Users\suhinton\code\jewelbots-autodev\lib\support\compiled\core\core.a(ble_advertising.c.o)
 *fill*         0x2000382b        0x1 
 .bss.m_adv_modes_config
                0x2000382c       0x24 C:\Users\suhinton\code\jewelbots-autodev\lib\support\compiled\core\core.a(ble_advertising.c.o)
 .bss.mp_whitelist_addr
                0x20003850       0x20 C:\Users\suhinton\code\jewelbots-autodev\lib\support\compiled\core\core.a(ble_advertising.c.o)
 .bss.m_tx_power_level
                0x20003870        0x1 C:\Users\suhinton\code\jewelbots-autodev\lib\support\compiled\core\core.a(ble_advertising.c.o)
 *fill*         0x20003871        0x3 
 .bss.m_whitelist
                0x20003874       0x10 C:\Users\suhinton\code\jewelbots-autodev\lib\support\compiled\core\core.a(ble_advertising.c.o)
 .bss.m_service_data_array
                0x20003884       0x1f C:\Users\suhinton\code\jewelbots-autodev\lib\support\compiled\core\core.a(ble_advertising.c.o)
 .bss.m_peer_addr_reply_expected
                0x200038a3        0x1 C:\Users\suhinton\code\jewelbots-autodev\lib\support\compiled\core\core.a(ble_advertising.c.o)
 .bss.m_whitelist_reply_expected
                0x200038a4        0x1 C:\Users\suhinton\code\jewelbots-autodev\lib\support\compiled\core\core.a(ble_advertising.c.o)
 *fill*         0x200038a5        0x3 
 .bss.mp_whitelist_irk
                0x200038a8       0x20 C:\Users\suhinton\code\jewelbots-autodev\lib\support\compiled\core\core.a(ble_advertising.c.o)
 .bss.m_adv_mode_current
                0x200038c8        0x1 C:\Users\suhinton\code\jewelbots-autodev\lib\support\compiled\core\core.a(ble_advertising.c.o)
 .bss.m_advertising_start_pending
                0x200038c9        0x1 C:\Users\suhinton\code\jewelbots-autodev\lib\support\compiled\core\core.a(ble_advertising.c.o)
 .bss.m_slave_conn_int
                0x200038ca        0x4 C:\Users\suhinton\code\jewelbots-autodev\lib\support\compiled\core\core.a(ble_advertising.c.o)
 *fill*         0x200038ce        0x2 
 .bss.m_service_data
                0x200038d0        0xc C:\Users\suhinton\code\jewelbots-autodev\lib\support\compiled\core\core.a(ble_advertising.c.o)
 .bss.m_adv_evt
                0x200038dc        0x1 C:\Users\suhinton\code\jewelbots-autodev\lib\support\compiled\core\core.a(ble_advertising.c.o)
 *fill*         0x200038dd        0x3 
 .bss.m_evt_handler
                0x200038e0        0x4 C:\Users\suhinton\code\jewelbots-autodev\lib\support\compiled\core\core.a(ble_db_discovery.c.o)
 .bss.m_pending_user_evts
                0x200038e4      0x1e0 C:\Users\suhinton\code\jewelbots-autodev\lib\support\compiled\core\core.a(ble_db_discovery.c.o)
 .bss.m_pending_usr_evt_index
                0x20003ac4        0x4 C:\Users\suhinton\code\jewelbots-autodev\lib\support\compiled\core\core.a(ble_db_discovery.c.o)
 .bss.m_registered_handlers
                0x20003ac8       0x18 C:\Users\suhinton\code\jewelbots-autodev\lib\support\compiled\core\core.a(ble_db_discovery.c.o)
 .bss.m_initialized
                0x20003ae0        0x1 C:\Users\suhinton\code\jewelbots-autodev\lib\support\compiled\core\core.a(ble_db_discovery.c.o)
 *fill*         0x20003ae1        0x3 
 .bss.m_num_of_handlers_reg
                0x20003ae4        0x4 C:\Users\suhinton\code\jewelbots-autodev\lib\support\compiled\core\core.a(ble_db_discovery.c.o)
 .bss.m_is_dfu_service_initialized
                0x20003ae8        0x1 C:\Users\suhinton\code\jewelbots-autodev\lib\support\compiled\core\core.a(ble_dfu.c.o)
 .bss.m_notif_buffer
                0x20003ae9        0x7 C:\Users\suhinton\code\jewelbots-autodev\lib\support\compiled\core\core.a(ble_dfu.c.o)
 .bss.m_change_param
                0x20003af0        0x1 C:\Users\suhinton\code\jewelbots-autodev\lib\support\compiled\core\core.a(ble_conn_params.c.o)
 *fill*         0x20003af1        0x1 
 .bss.m_current_conn_params
                0x20003af2        0x8 C:\Users\suhinton\code\jewelbots-autodev\lib\support\compiled\core\core.a(ble_conn_params.c.o)
 .bss.m_update_count
                0x20003afa        0x1 C:\Users\suhinton\code\jewelbots-autodev\lib\support\compiled\core\core.a(ble_conn_params.c.o)
 *fill*         0x20003afb        0x1 
 .bss.m_conn_params_config
                0x20003afc       0x1c C:\Users\suhinton\code\jewelbots-autodev\lib\support\compiled\core\core.a(ble_conn_params.c.o)
 .bss.m_conn_params_timer_id_data
                0x20003b18       0x20 C:\Users\suhinton\code\jewelbots-autodev\lib\support\compiled\core\core.a(ble_conn_params.c.o)
 .bss.m_conn_handle
                0x20003b38        0x2 C:\Users\suhinton\code\jewelbots-autodev\lib\support\compiled\core\core.a(ble_conn_params.c.o)
 .bss.m_preferred_conn_params
                0x20003b3a        0x8 C:\Users\suhinton\code\jewelbots-autodev\lib\support\compiled\core\core.a(ble_conn_params.c.o)
 *fill*         0x20003b42        0x2 
 .bss.m_bcs     0x20003b44       0x34 C:\Users\suhinton\code\jewelbots-autodev\lib\support\compiled\core\core.a(ble_conn_state.c.o)
 .bss.m_cmd_queue
                0x20003b78       0xcc C:\Users\suhinton\code\jewelbots-autodev\lib\support\compiled\core\core.a(pstorage.c.o)
 .bss.m_app_table
                0x20003c44        0xc C:\Users\suhinton\code\jewelbots-autodev\lib\support\compiled\core\core.a(pstorage.c.o)
 .bss.m_flags   0x20003c50        0x4 C:\Users\suhinton\code\jewelbots-autodev\lib\support\compiled\core\core.a(pstorage.c.o)
 .bss.m_cb      0x20003c54       0x20 C:\Users\suhinton\code\jewelbots-autodev\lib\support\compiled\core\core.a(nrf_drv_spi.c.o)
 .bss.m_cb      0x20003c74       0x28 C:\Users\suhinton\code\jewelbots-autodev\lib\support\compiled\core\core.a(nrf_drv_twi.c.o)
 .bss.m_peer_data
                0x20003c9c       0x3c C:\Users\suhinton\code\jewelbots-autodev\lib\support\compiled\core\core.a(dfu_app_handler.c.o)
 .bss.m_dm_handle
                0x20003cd8        0x4 C:\Users\suhinton\code\jewelbots-autodev\lib\support\compiled\core\core.a(dfu_app_handler.c.o)
 .bss.m_detection_delay
                0x20003cdc        0x4 C:\Users\suhinton\code\jewelbots-autodev\lib\support\compiled\core\core.a(app_button.c.o)
 .bss.mp_buttons
                0x20003ce0        0x4 C:\Users\suhinton\code\jewelbots-autodev\lib\support\compiled\core\core.a(app_button.c.o)
 .bss.m_button_count
                0x20003ce4        0x1 C:\Users\suhinton\code\jewelbots-autodev\lib\support\compiled\core\core.a(app_button.c.o)
 *fill*         0x20003ce5        0x3 
 .bss.m_detection_delay_timer_id_data
                0x20003ce8       0x20 C:\Users\suhinton\code\jewelbots-autodev\lib\support\compiled\core\core.a(app_button.c.o)
 .bss.m_pin_state
                0x20003d08        0x4 C:\Users\suhinton\code\jewelbots-autodev\lib\support\compiled\core\core.a(app_button.c.o)
 .bss.m_pin_transition
                0x20003d0c        0x4 C:\Users\suhinton\code\jewelbots-autodev\lib\support\compiled\core\core.a(app_button.c.o)
 .bss.m_queue   0x20003d10       0x58 C:\Users\suhinton\code\jewelbots-autodev\lib\support\compiled\core\core.a(fstorage.c.o)
 .bss.m_queue_event_headers
                0x20003d68        0x4 C:\Users\suhinton\code\jewelbots-autodev\lib\support\compiled\core\core.a(app_scheduler.c.o)
 .bss.m_queue_event_data
                0x20003d6c        0x4 C:\Users\suhinton\code\jewelbots-autodev\lib\support\compiled\core\core.a(app_scheduler.c.o)
 .bss.m_queue_event_size
                0x20003d70        0x2 C:\Users\suhinton\code\jewelbots-autodev\lib\support\compiled\core\core.a(app_scheduler.c.o)
 .bss.m_queue_start_index
                0x20003d72        0x1 C:\Users\suhinton\code\jewelbots-autodev\lib\support\compiled\core\core.a(app_scheduler.c.o)
 .bss.m_queue_end_index
                0x20003d73        0x1 C:\Users\suhinton\code\jewelbots-autodev\lib\support\compiled\core\core.a(app_scheduler.c.o)
 .bss.m_queue_size
                0x20003d74        0x2 C:\Users\suhinton\code\jewelbots-autodev\lib\support\compiled\core\core.a(app_scheduler.c.o)
 *fill*         0x20003d76        0x2 
 .bss.m_ticks_latest
                0x20003d78        0x4 C:\Users\suhinton\code\jewelbots-autodev\lib\support\compiled\core\core.a(app_timer.c.o)
 .bss.mp_timer_id_head
                0x20003d7c        0x4 C:\Users\suhinton\code\jewelbots-autodev\lib\support\compiled\core\core.a(app_timer.c.o)
 .bss.m_evt_schedule_func
                0x20003d80        0x4 C:\Users\suhinton\code\jewelbots-autodev\lib\support\compiled\core\core.a(app_timer.c.o)
 .bss.m_user_array_size
                0x20003d84        0x1 C:\Users\suhinton\code\jewelbots-autodev\lib\support\compiled\core\core.a(app_timer.c.o)
 *fill*         0x20003d85        0x3 
 .bss.mp_users  0x20003d88        0x4 C:\Users\suhinton\code\jewelbots-autodev\lib\support\compiled\core\core.a(app_timer.c.o)
 .bss.m_ticks_elapsed_q_read_ind
                0x20003d8c        0x1 C:\Users\suhinton\code\jewelbots-autodev\lib\support\compiled\core\core.a(app_timer.c.o)
 .bss.m_ticks_elapsed_q_write_ind
                0x20003d8d        0x1 C:\Users\suhinton\code\jewelbots-autodev\lib\support\compiled\core\core.a(app_timer.c.o)
 .bss.m_rtc1_reset
                0x20003d8e        0x1 C:\Users\suhinton\code\jewelbots-autodev\lib\support\compiled\core\core.a(app_timer.c.o)
 *fill*         0x20003d8f        0x1 
 .bss.m_ticks_elapsed
                0x20003d90        0x8 C:\Users\suhinton\code\jewelbots-autodev\lib\support\compiled\core\core.a(app_timer.c.o)
 .bss.m_rtc1_running
                0x20003d98        0x1 C:\Users\suhinton\code\jewelbots-autodev\lib\support\compiled\core\core.a(app_timer.c.o)
 .bss.m_softdevice_enabled
                0x20003d99        0x1 C:\Users\suhinton\code\jewelbots-autodev\lib\support\compiled\core\core.a(softdevice_handler.c.o)
 .bss.m_ble_evt_buffer_size
                0x20003d9a        0x2 C:\Users\suhinton\code\jewelbots-autodev\lib\support\compiled\core\core.a(softdevice_handler.c.o)
 .bss.nrf_nvic_state
                0x20003d9c        0x8 C:\Users\suhinton\code\jewelbots-autodev\lib\support\compiled\core\core.a(softdevice_handler.c.o)
                0x20003d9c                nrf_nvic_state
 .bss.mp_ble_evt_buffer
                0x20003da4        0x4 C:\Users\suhinton\code\jewelbots-autodev\lib\support\compiled\core\core.a(softdevice_handler.c.o)
 .bss.m_sys_evt_handler
                0x20003da8        0x4 C:\Users\suhinton\code\jewelbots-autodev\lib\support\compiled\core\core.a(softdevice_handler.c.o)
 .bss.m_ble_evt_handler
                0x20003dac        0x4 C:\Users\suhinton\code\jewelbots-autodev\lib\support\compiled\core\core.a(softdevice_handler.c.o)
 .bss.m_evt_schedule_func
                0x20003db0        0x4 C:\Users\suhinton\code\jewelbots-autodev\lib\support\compiled\core\core.a(softdevice_handler.c.o)
 .bss._ZL19pause_timer_id_data
                0x20003db4       0x20 C:\Users\suhinton\code\jewelbots-autodev\lib\support\compiled\core\core.a(Timer.cpp.o)
 .bss._ZL6COLORS
                0x20003dd4       0x18 C:\Users\suhinton\code\jewelbots-autodev\lib\support\compiled\core\core.a(Timer.cpp.o)
 .bss._ZL21runtime_timer_id_data
                0x20003dec       0x20 C:\Users\suhinton\code\jewelbots-autodev\lib\support\compiled\core\core.a(Timer.cpp.o)
 .bss._ZL10timer_flag
                0x20003e0c        0x1 C:\Users\suhinton\code\jewelbots-autodev\lib\support\compiled\core\core.a(Timer.cpp.o)
 *fill*         0x20003e0d        0x3 
 .bss._ZL11start_ticks
                0x20003e10        0x4 C:\Users\suhinton\code\jewelbots-autodev\lib\support\compiled\core\core.a(Timer.cpp.o)
 .bss.LRA_ODClamp
                0x20003e14        0x1 C:\Users\suhinton\code\jewelbots-autodev\lib\support\compiled\core\core.a(Haptics.c.o)
 .bss.LRA_RatedVoltage
                0x20003e15        0x1 C:\Users\suhinton\code\jewelbots-autodev\lib\support\compiled\core\core.a(Haptics.c.o)
 .bss.LRA_AutoCal_BEMF
                0x20003e16        0x1 C:\Users\suhinton\code\jewelbots-autodev\lib\support\compiled\core\core.a(Haptics.c.o)
 .bss.LRA_AutoCal_FB
                0x20003e17        0x1 C:\Users\suhinton\code\jewelbots-autodev\lib\support\compiled\core\core.a(Haptics.c.o)
 .bss.control1  0x20003e18        0x1 C:\Users\suhinton\code\jewelbots-autodev\lib\support\compiled\core\core.a(Haptics.c.o)
 .bss.control2  0x20003e19        0x1 C:\Users\suhinton\code\jewelbots-autodev\lib\support\compiled\core\core.a(Haptics.c.o)
 .bss.control3  0x20003e1a        0x1 C:\Users\suhinton\code\jewelbots-autodev\lib\support\compiled\core\core.a(Haptics.c.o)
 .bss.AutoCal_Result
                0x20003e1b        0x1 C:\Users\suhinton\code\jewelbots-autodev\lib\support\compiled\core\core.a(Haptics.c.o)
 .bss.LRA_AutoCal_Comp
                0x20003e1c        0x1 C:\Users\suhinton\code\jewelbots-autodev\lib\support\compiled\core\core.a(Haptics.c.o)
 *fill*         0x20003e1d        0x1 
 .bss.tickdelay
                0x20003e1e        0x2 C:\Users\suhinton\code\jewelbots-autodev\lib\support\compiled\core\core.a(Haptics.c.o)
 .bss.m_module_initialized
                0x20003e20        0x1 C:\Users\suhinton\code\jewelbots-autodev\lib\support\compiled\core\core.a(device_manager_peripheral.c.o)
 .bss.m_local_id_info
                0x20003e21       0x17 C:\Users\suhinton\code\jewelbots-autodev\lib\support\compiled\core\core.a(device_manager_peripheral.c.o)
 .bss.m_connection_table
                0x20003e38        0xc C:\Users\suhinton\code\jewelbots-autodev\lib\support\compiled\core\core.a(device_manager_peripheral.c.o)
 .bss.m_peer_table
                0x20003e44       0xc4 C:\Users\suhinton\code\jewelbots-autodev\lib\support\compiled\core\core.a(device_manager_peripheral.c.o)
 .bss.m_application_table
                0x20003f08        0xc C:\Users\suhinton\code\jewelbots-autodev\lib\support\compiled\core\core.a(device_manager_peripheral.c.o)
 .bss.m_storage_handle
                0x20003f14        0x8 C:\Users\suhinton\code\jewelbots-autodev\lib\support\compiled\core\core.a(device_manager_peripheral.c.o)
 .bss.m_clock_cb
                0x20003f1c        0xc C:\Users\suhinton\code\jewelbots-autodev\lib\support\compiled\core\core.a(nrf_drv_clock.c.o)
 .bss.m_cb      0x20003f28       0x38 C:\Users\suhinton\code\jewelbots-autodev\lib\support\compiled\core\core.a(nrf_drv_gpiote.c.o)
 *(COMMON)
                0x20003f60                . = ALIGN (0x4)
                0x20003f60                __bss_end__ = .

.heap           0x20003f60      0x100
                0x20003f60                __end__ = .
                0x20003f60                end = __end__
 *(.heap*)
 .heap          0x20003f60      0x100 C:\Users\suhinton\code\jewelbots-autodev\lib\support\compiled\core\core.a(JWB_startup_nrf51.S.o)
                0x20003f60                __HeapBase
                0x20004060                __HeapLimit = .

.stack_dummy    0x20003f60      0x800
 *(.stack*)
 .stack         0x20003f60      0x800 C:\Users\suhinton\code\jewelbots-autodev\lib\support\compiled\core\core.a(JWB_startup_nrf51.S.o)
                0x20008000                __StackTop = (ORIGIN (RAM) + 0x55d0)
                0x20007800                __StackLimit = (__StackTop - SIZEOF (.stack_dummy))
                0x20008000                PROVIDE (__stack, __StackTop)
                0x00000001                ASSERT ((__StackLimit >= __HeapLimit), region RAM overflowed with stack)
OUTPUT(C:\Users\suhinton\code\jewelbots-autodev\lib\support\compiled/empty.ino.elf elf32-littlearm)

.ARM.attributes
                0x00000000       0x28
 .ARM.attributes
                0x00000000       0x1e c:/users/suhinton/appdata/local/arduino15/packages/arduino/tools/arm-none-eabi-gcc/4.8.3-2014q1/bin/../lib/gcc/arm-none-eabi/4.8.3/armv6-m/crti.o
 .ARM.attributes
                0x0000001e       0x2c c:/users/suhinton/appdata/local/arduino15/packages/arduino/tools/arm-none-eabi-gcc/4.8.3-2014q1/bin/../lib/gcc/arm-none-eabi/4.8.3/armv6-m/crtbegin.o
 .ARM.attributes
                0x0000004a       0x1b c:/users/suhinton/appdata/local/arduino15/packages/arduino/tools/arm-none-eabi-gcc/4.8.3-2014q1/bin/../lib/gcc/arm-none-eabi/4.8.3/../../../../arm-none-eabi/lib/armv6-m/crt0.o
 .ARM.attributes
                0x00000065       0x31 C:\Users\suhinton\code\jewelbots-autodev\lib\support\compiled\sketch\empty.ino.cpp.o
 .ARM.attributes
                0x00000096       0x1b C:\Users\suhinton\code\jewelbots-autodev\lib\support\compiled\core\core.a(JWB_startup_nrf51.S.o)
 .ARM.attributes
                0x000000b1       0x31 C:\Users\suhinton\code\jewelbots-autodev\lib\support\compiled\core\core.a(system_nrf51.c.o)
 .ARM.attributes
                0x000000e2       0x31 C:\Users\suhinton\code\jewelbots-autodev\lib\support\compiled\core\core.a(main.cpp.o)
 .ARM.attributes
                0x00000113       0x31 C:\Users\suhinton\code\jewelbots-autodev\lib\support\compiled\core\core.a(advertising.c.o)
 .ARM.attributes
                0x00000144       0x31 C:\Users\suhinton\code\jewelbots-autodev\lib\support\compiled\core\core.a(ble_central_event_handler.c.o)
 .ARM.attributes
                0x00000175       0x31 C:\Users\suhinton\code\jewelbots-autodev\lib\support\compiled\core\core.a(button_handler.c.o)
 .ARM.attributes
                0x000001a6       0x31 C:\Users\suhinton\code\jewelbots-autodev\lib\support\compiled\core\core.a(db_discovery.c.o)
 .ARM.attributes
                0x000001d7       0x31 C:\Users\suhinton\code\jewelbots-autodev\lib\support\compiled\core\core.a(dfu_handler.c.o)
 .ARM.attributes
                0x00000208       0x31 C:\Users\suhinton\code\jewelbots-autodev\lib\support\compiled\core\core.a(haptics_driver.c.o)
 .ARM.attributes
                0x00000239       0x31 C:\Users\suhinton\code\jewelbots-autodev\lib\support\compiled\core\core.a(jwb_twi.c.o)
 .ARM.attributes
                0x0000026a       0x31 C:\Users\suhinton\code\jewelbots-autodev\lib\support\compiled\core\core.a(led_driver.c.o)
 .ARM.attributes
                0x0000029b       0x31 C:\Users\suhinton\code\jewelbots-autodev\lib\support\compiled\core\core.a(led_sequence.c.o)
 .ARM.attributes
                0x000002cc       0x31 C:\Users\suhinton\code\jewelbots-autodev\lib\support\compiled\core\core.a(pmic_driver.c.o)
 .ARM.attributes
                0x000002fd       0x31 C:\Users\suhinton\code\jewelbots-autodev\lib\support\compiled\core\core.a(scan.c.o)
 .ARM.attributes
                0x0000032e       0x31 C:\Users\suhinton\code\jewelbots-autodev\lib\support\compiled\core\core.a(ble_advertising.c.o)
 .ARM.attributes
                0x0000035f       0x31 C:\Users\suhinton\code\jewelbots-autodev\lib\support\compiled\core\core.a(ble_db_discovery.c.o)
 .ARM.attributes
                0x00000390       0x31 C:\Users\suhinton\code\jewelbots-autodev\lib\support\compiled\core\core.a(ble_dfu.c.o)
 .ARM.attributes
                0x000003c1       0x31 C:\Users\suhinton\code\jewelbots-autodev\lib\support\compiled\core\core.a(ble_advdata.c.o)
 .ARM.attributes
                0x000003f2       0x31 C:\Users\suhinton\code\jewelbots-autodev\lib\support\compiled\core\core.a(ble_conn_params.c.o)
 .ARM.attributes
                0x00000423       0x31 C:\Users\suhinton\code\jewelbots-autodev\lib\support\compiled\core\core.a(ble_conn_state.c.o)
 .ARM.attributes
                0x00000454       0x31 C:\Users\suhinton\code\jewelbots-autodev\lib\support\compiled\core\core.a(pstorage.c.o)
 .ARM.attributes
                0x00000485       0x31 C:\Users\suhinton\code\jewelbots-autodev\lib\support\compiled\core\core.a(nrf_drv_spi.c.o)
 .ARM.attributes
                0x000004b6       0x31 C:\Users\suhinton\code\jewelbots-autodev\lib\support\compiled\core\core.a(nrf_drv_twi.c.o)
 .ARM.attributes
                0x000004e7       0x31 C:\Users\suhinton\code\jewelbots-autodev\lib\support\compiled\core\core.a(dfu_app_handler.c.o)
 .ARM.attributes
                0x00000518       0x31 C:\Users\suhinton\code\jewelbots-autodev\lib\support\compiled\core\core.a(app_button.c.o)
 .ARM.attributes
                0x00000549       0x31 C:\Users\suhinton\code\jewelbots-autodev\lib\support\compiled\core\core.a(fstorage.c.o)
 .ARM.attributes
                0x0000057a       0x31 C:\Users\suhinton\code\jewelbots-autodev\lib\support\compiled\core\core.a(app_scheduler.c.o)
 .ARM.attributes
                0x000005ab       0x31 C:\Users\suhinton\code\jewelbots-autodev\lib\support\compiled\core\core.a(app_timer.c.o)
 .ARM.attributes
                0x000005dc       0x31 C:\Users\suhinton\code\jewelbots-autodev\lib\support\compiled\core\core.a(app_timer_appsh.c.o)
 .ARM.attributes
                0x0000060d       0x31 C:\Users\suhinton\code\jewelbots-autodev\lib\support\compiled\core\core.a(app_error.c.o)
 .ARM.attributes
                0x0000063e       0x31 C:\Users\suhinton\code\jewelbots-autodev\lib\support\compiled\core\core.a(app_util_platform.c.o)
 .ARM.attributes
                0x0000066f       0x31 C:\Users\suhinton\code\jewelbots-autodev\lib\support\compiled\core\core.a(nrf_log.c.o)
 .ARM.attributes
                0x000006a0       0x31 C:\Users\suhinton\code\jewelbots-autodev\lib\support\compiled\core\core.a(sdk_mapped_flags.c.o)
 .ARM.attributes
                0x000006d1       0x31 C:\Users\suhinton\code\jewelbots-autodev\lib\support\compiled\core\core.a(softdevice_handler.c.o)
 .ARM.attributes
                0x00000702       0x31 C:\Users\suhinton\code\jewelbots-autodev\lib\support\compiled\core\core.a(softdevice_handler_appsh.c.o)
 .ARM.attributes
                0x00000733       0x31 C:\Users\suhinton\code\jewelbots-autodev\lib\support\compiled\core\core.a(Timer.cpp.o)
 .ARM.attributes
                0x00000764       0x31 C:\Users\suhinton\code\jewelbots-autodev\lib\support\compiled\core\core.a(Haptics.c.o)
 .ARM.attributes
                0x00000795       0x31 C:\Users\suhinton\code\jewelbots-autodev\lib\support\compiled\core\core.a(WaveformData.c.o)
 .ARM.attributes
                0x000007c6       0x31 C:\Users\suhinton\code\jewelbots-autodev\lib\support\compiled\core\core.a(device_manager_peripheral.c.o)
 .ARM.attributes
                0x000007f7       0x31 C:\Users\suhinton\code\jewelbots-autodev\lib\support\compiled\core\core.a(nrf_drv_clock.c.o)
 .ARM.attributes
                0x00000828       0x31 C:\Users\suhinton\code\jewelbots-autodev\lib\support\compiled\core\core.a(nrf_drv_common.c.o)
 .ARM.attributes
                0x00000859       0x31 C:\Users\suhinton\code\jewelbots-autodev\lib\support\compiled\core\core.a(nrf_drv_gpiote.c.o)
 .ARM.attributes
                0x0000088a       0x31 C:\Users\suhinton\code\jewelbots-autodev\lib\support\compiled\core\core.a(bootloader_util.c.o)
 .ARM.attributes
                0x000008bb       0x2c c:/users/suhinton/appdata/local/arduino15/packages/arduino/tools/arm-none-eabi-gcc/4.8.3-2014q1/bin/../lib/gcc/arm-none-eabi/4.8.3/../../../../arm-none-eabi/lib/armv6-m\libc_s.a(lib_a-exit.o)
 .ARM.attributes
                0x000008e7       0x2c c:/users/suhinton/appdata/local/arduino15/packages/arduino/tools/arm-none-eabi-gcc/4.8.3-2014q1/bin/../lib/gcc/arm-none-eabi/4.8.3/../../../../arm-none-eabi/lib/armv6-m\libc_s.a(lib_a-impure.o)
 .ARM.attributes
                0x00000913       0x2c c:/users/suhinton/appdata/local/arduino15/packages/arduino/tools/arm-none-eabi-gcc/4.8.3-2014q1/bin/../lib/gcc/arm-none-eabi/4.8.3/../../../../arm-none-eabi/lib/armv6-m\libc_s.a(lib_a-init.o)
 .ARM.attributes
                0x0000093f       0x2c c:/users/suhinton/appdata/local/arduino15/packages/arduino/tools/arm-none-eabi-gcc/4.8.3-2014q1/bin/../lib/gcc/arm-none-eabi/4.8.3/../../../../arm-none-eabi/lib/armv6-m\libc_s.a(lib_a-memcpy-stub.o)
 .ARM.attributes
                0x0000096b       0x2c c:/users/suhinton/appdata/local/arduino15/packages/arduino/tools/arm-none-eabi-gcc/4.8.3-2014q1/bin/../lib/gcc/arm-none-eabi/4.8.3/../../../../arm-none-eabi/lib/armv6-m\libc_s.a(lib_a-memset.o)
 .ARM.attributes
                0x00000997       0x1e c:/users/suhinton/appdata/local/arduino15/packages/arduino/tools/arm-none-eabi-gcc/4.8.3-2014q1/bin/../lib/gcc/arm-none-eabi/4.8.3/armv6-m\libgcc.a(_thumb1_case_uqi.o)
 .ARM.attributes
                0x000009b5       0x2c c:/users/suhinton/appdata/local/arduino15/packages/arduino/tools/arm-none-eabi-gcc/4.8.3-2014q1/bin/../lib/gcc/arm-none-eabi/4.8.3/../../../../arm-none-eabi/lib/armv6-m\libnosys.a(_exit.o)
 .ARM.attributes
                0x000009e1       0x1e c:/users/suhinton/appdata/local/arduino15/packages/arduino/tools/arm-none-eabi-gcc/4.8.3-2014q1/bin/../lib/gcc/arm-none-eabi/4.8.3/armv6-m/crtn.o

.comment        0x00000000       0x70
 .comment       0x00000000       0x70 C:\Users\suhinton\code\jewelbots-autodev\lib\support\compiled\sketch\empty.ino.cpp.o
                                 0x71 (size before relaxing)
 .comment       0x00000000       0x71 C:\Users\suhinton\code\jewelbots-autodev\lib\support\compiled\core\core.a(system_nrf51.c.o)
 .comment       0x00000000       0x71 C:\Users\suhinton\code\jewelbots-autodev\lib\support\compiled\core\core.a(main.cpp.o)
 .comment       0x00000000       0x71 C:\Users\suhinton\code\jewelbots-autodev\lib\support\compiled\core\core.a(advertising.c.o)
 .comment       0x00000000       0x71 C:\Users\suhinton\code\jewelbots-autodev\lib\support\compiled\core\core.a(ble_central_event_handler.c.o)
 .comment       0x00000000       0x71 C:\Users\suhinton\code\jewelbots-autodev\lib\support\compiled\core\core.a(button_handler.c.o)
 .comment       0x00000000       0x71 C:\Users\suhinton\code\jewelbots-autodev\lib\support\compiled\core\core.a(db_discovery.c.o)
 .comment       0x00000000       0x71 C:\Users\suhinton\code\jewelbots-autodev\lib\support\compiled\core\core.a(dfu_handler.c.o)
 .comment       0x00000000       0x71 C:\Users\suhinton\code\jewelbots-autodev\lib\support\compiled\core\core.a(haptics_driver.c.o)
 .comment       0x00000000       0x71 C:\Users\suhinton\code\jewelbots-autodev\lib\support\compiled\core\core.a(jwb_twi.c.o)
 .comment       0x00000000       0x71 C:\Users\suhinton\code\jewelbots-autodev\lib\support\compiled\core\core.a(led_driver.c.o)
 .comment       0x00000000       0x71 C:\Users\suhinton\code\jewelbots-autodev\lib\support\compiled\core\core.a(led_sequence.c.o)
 .comment       0x00000000       0x71 C:\Users\suhinton\code\jewelbots-autodev\lib\support\compiled\core\core.a(pmic_driver.c.o)
 .comment       0x00000000       0x71 C:\Users\suhinton\code\jewelbots-autodev\lib\support\compiled\core\core.a(scan.c.o)
 .comment       0x00000000       0x71 C:\Users\suhinton\code\jewelbots-autodev\lib\support\compiled\core\core.a(ble_advertising.c.o)
 .comment       0x00000000       0x71 C:\Users\suhinton\code\jewelbots-autodev\lib\support\compiled\core\core.a(ble_db_discovery.c.o)
 .comment       0x00000000       0x71 C:\Users\suhinton\code\jewelbots-autodev\lib\support\compiled\core\core.a(ble_dfu.c.o)
 .comment       0x00000000       0x71 C:\Users\suhinton\code\jewelbots-autodev\lib\support\compiled\core\core.a(ble_advdata.c.o)
 .comment       0x00000000       0x71 C:\Users\suhinton\code\jewelbots-autodev\lib\support\compiled\core\core.a(ble_conn_params.c.o)
 .comment       0x00000000       0x71 C:\Users\suhinton\code\jewelbots-autodev\lib\support\compiled\core\core.a(ble_conn_state.c.o)
 .comment       0x00000000       0x71 C:\Users\suhinton\code\jewelbots-autodev\lib\support\compiled\core\core.a(pstorage.c.o)
 .comment       0x00000000       0x71 C:\Users\suhinton\code\jewelbots-autodev\lib\support\compiled\core\core.a(nrf_drv_spi.c.o)
 .comment       0x00000000       0x71 C:\Users\suhinton\code\jewelbots-autodev\lib\support\compiled\core\core.a(nrf_drv_twi.c.o)
 .comment       0x00000000       0x71 C:\Users\suhinton\code\jewelbots-autodev\lib\support\compiled\core\core.a(dfu_app_handler.c.o)
 .comment       0x00000000       0x71 C:\Users\suhinton\code\jewelbots-autodev\lib\support\compiled\core\core.a(app_button.c.o)
 .comment       0x00000000       0x71 C:\Users\suhinton\code\jewelbots-autodev\lib\support\compiled\core\core.a(fstorage.c.o)
 .comment       0x00000000       0x71 C:\Users\suhinton\code\jewelbots-autodev\lib\support\compiled\core\core.a(app_scheduler.c.o)
 .comment       0x00000000       0x71 C:\Users\suhinton\code\jewelbots-autodev\lib\support\compiled\core\core.a(app_timer.c.o)
 .comment       0x00000000       0x71 C:\Users\suhinton\code\jewelbots-autodev\lib\support\compiled\core\core.a(app_timer_appsh.c.o)
 .comment       0x00000000       0x71 C:\Users\suhinton\code\jewelbots-autodev\lib\support\compiled\core\core.a(app_error.c.o)
 .comment       0x00000000       0x71 C:\Users\suhinton\code\jewelbots-autodev\lib\support\compiled\core\core.a(app_util_platform.c.o)
 .comment       0x00000000       0x71 C:\Users\suhinton\code\jewelbots-autodev\lib\support\compiled\core\core.a(nrf_log.c.o)
 .comment       0x00000000       0x71 C:\Users\suhinton\code\jewelbots-autodev\lib\support\compiled\core\core.a(sdk_mapped_flags.c.o)
 .comment       0x00000000       0x71 C:\Users\suhinton\code\jewelbots-autodev\lib\support\compiled\core\core.a(softdevice_handler.c.o)
 .comment       0x00000000       0x71 C:\Users\suhinton\code\jewelbots-autodev\lib\support\compiled\core\core.a(softdevice_handler_appsh.c.o)
 .comment       0x00000000       0x71 C:\Users\suhinton\code\jewelbots-autodev\lib\support\compiled\core\core.a(Timer.cpp.o)
 .comment       0x00000000       0x71 C:\Users\suhinton\code\jewelbots-autodev\lib\support\compiled\core\core.a(Haptics.c.o)
 .comment       0x00000000       0x71 C:\Users\suhinton\code\jewelbots-autodev\lib\support\compiled\core\core.a(WaveformData.c.o)
 .comment       0x00000000       0x71 C:\Users\suhinton\code\jewelbots-autodev\lib\support\compiled\core\core.a(device_manager_peripheral.c.o)
 .comment       0x00000000       0x71 C:\Users\suhinton\code\jewelbots-autodev\lib\support\compiled\core\core.a(nrf_drv_clock.c.o)
 .comment       0x00000000       0x71 C:\Users\suhinton\code\jewelbots-autodev\lib\support\compiled\core\core.a(nrf_drv_common.c.o)
 .comment       0x00000000       0x71 C:\Users\suhinton\code\jewelbots-autodev\lib\support\compiled\core\core.a(nrf_drv_gpiote.c.o)